<html>
<body>
<pre>
<h1>µVision Build Log</h1>
<h2>Tool Versions:</h2>
IDE-Version: ¦ÌVision V5.38.0.0
Copyright (C) 2022 ARM Ltd and ARM Germany GmbH. All rights reserved.
License Information: 1 2, 3, LIC=EXJT4-FKIX0-KPNZY-IKDV7-6VJYM-9C191
 
Tool Versions:
Toolchain:       MDK-ARM Plus  Version: 5.38.0.0
Toolchain Path:  D:\keil_v5\ARM\ARMCLANG\Bin
C Compiler:      ArmClang.exe V6.19
Assembler:       Armasm.exe V6.19
Linker/Locator:  ArmLink.exe V6.19
Library Manager: ArmAr.exe V6.19
Hex Converter:   FromElf.exe V6.19
CPU DLL:         SARMCM3.DLL V5.38.0.0
Dialog DLL:      DCM.DLL V1.17.5.0
Target DLL:      Segger\JL2CM3.dll V2.99.42.0
Dialog DLL:      TCM.DLL V1.56.4.0
 
<h2>Project:</h2>
D:\MCU_Workspace\HC32_Projects\HC32F460_Projects\Radon_Monitor\MDK\Radon_Monitor.uvprojx
Project File Date:  03/23/2025

<h2>Output:</h2>
*** Using Compiler 'V6.19', folder: 'D:\keil_v5\ARM\ARMCLANG\Bin'
Build target 'Radon_Monitor'
compiling taskFactory.c...
compiling drvHal.c...
compiling hal.c...
compiling beatTaskConfig.c...
compiling messageBusProcessor.cpp...
compiling usartDriver.cpp...
compiling keyConfig.c...
compiling ledConfig.c...
compiling usart1Config.c...
compiling globalConfig.c...
compiling timers.c...
compiling usartTask.cpp...
compiling queue.c...
compiling commonControl.cpp...
compiling buttonControl.cpp...
compiling main.cpp...
compiling messageBus.cpp...
compiling uartProtocolProcessor.cpp...
compiling commonDriver.cpp...
linking...
Program Size: Code=57072 RO-data=1956 RW-data=80 ZI-data=39224  
FromELF: creating hex file...
".\output\debug\Radon_Monitor.axf" - 0 Error(s), 0 Warning(s).

<h2>Software Packages used:</h2>

Package Vendor: HDSC
                https://raw.githubusercontent.com/hdscmcu/pack/master/HDSC.HC32F460.1.0.11.pack
                HDSC.HC32F460.1.0.11
                HC32F460 ARM Cortex-M4 Device Family Pack

<h2>Collection of Component include folders:</h2>
  D:/keil_v5/Packs/HDSC/HC32F460/1.0.11/Device/Include

<h2>Collection of Component Files used:</h2>
Build Time Elapsed:  00:00:42
</pre>
</body>
</html>
