<!doctype html public "-//w3c//dtd html 4.0 transitional//en">
<html><head>
<title>Static Call Graph - [.\output\debug\Radon_Monitor.axf]</title></head>
<body><HR>
<H1>Static Call Graph for image .\output\debug\Radon_Monitor.axf</H1><HR>
<BR><P>#&#060CALLGRAPH&#062# ARM Linker, 6190004: Last Updated: Wed Mar 26 01:18:20 2025
<BR><P>
<H3>Maximum Stack Usage =        256 bytes + Unknown(Functions without stacksize, Cycles, Untraceable Function Pointers)</H3><H3>
Call chain for Maximum Stack Depth:</H3>
drvInitSystem &rArr; USART1_Init &rArr; USART_UART_Init &rArr; USART_SetBaudrate &rArr; __aeabi_uldivmod
<P>
<H3>
Functions with no stack information
</H3><UL>
 <LI><a href="#[df]">__user_initial_stackheap</a>
</UL>
</UL>
<P>
<H3>
Mutually Recursive functions
</H3> <LI><a href="#[1]">NMI_Handler</a>&nbsp;&nbsp;&nbsp;&rArr;&nbsp;&nbsp;&nbsp;<a href="#[1]">NMI_Handler</a><BR>
 <LI><a href="#[2]">HardFault_Handler</a>&nbsp;&nbsp;&nbsp;&rArr;&nbsp;&nbsp;&nbsp;<a href="#[2]">HardFault_Handler</a><BR>
 <LI><a href="#[3]">MemManage_Handler</a>&nbsp;&nbsp;&nbsp;&rArr;&nbsp;&nbsp;&nbsp;<a href="#[3]">MemManage_Handler</a><BR>
 <LI><a href="#[4]">BusFault_Handler</a>&nbsp;&nbsp;&nbsp;&rArr;&nbsp;&nbsp;&nbsp;<a href="#[4]">BusFault_Handler</a><BR>
 <LI><a href="#[5]">UsageFault_Handler</a>&nbsp;&nbsp;&nbsp;&rArr;&nbsp;&nbsp;&nbsp;<a href="#[5]">UsageFault_Handler</a><BR>
 <LI><a href="#[7]">DebugMon_Handler</a>&nbsp;&nbsp;&nbsp;&rArr;&nbsp;&nbsp;&nbsp;<a href="#[7]">DebugMon_Handler</a><BR>
 <LI><a href="#[8f]">IRQ133_Handler</a>&nbsp;&nbsp;&nbsp;&rArr;&nbsp;&nbsp;&nbsp;<a href="#[8f]">IRQ133_Handler</a><BR>
 <LI><a href="#[e9]">DDL_AssertHandler</a>&nbsp;&nbsp;&nbsp;&rArr;&nbsp;&nbsp;&nbsp;<a href="#[e9]">DDL_AssertHandler</a><BR>
</UL>
<P>
<H3>
Function Pointers
</H3><UL>
 <LI><a href="#[be]">BEAT_TMRA_IRQHandler</a> from beattaskconfig.o(.text.BEAT_TMRA_IRQHandler) referenced 2 times from beattaskconfig.o(.text.configureBeatTimer)
 <LI><a href="#[4]">BusFault_Handler</a> from startup_hc32f460.o(.text) referenced from startup_hc32f460.o(RESET)
 <LI><a href="#[bf]">CPU_TMR0_IRQHandler</a> from cpuutilization.o(.text.CPU_TMR0_IRQHandler) referenced 2 times from cpuutilization.o(.text.configureCpuTimer)
 <LI><a href="#[7]">DebugMon_Handler</a> from startup_hc32f460.o(.text) referenced from startup_hc32f460.o(RESET)
 <LI><a href="#[2]">HardFault_Handler</a> from startup_hc32f460.o(.text) referenced from startup_hc32f460.o(RESET)
 <LI><a href="#[a]">IRQ000_Handler</a> from hc32_ll_interrupts.o(.text.IRQ000_Handler) referenced from startup_hc32f460.o(RESET)
 <LI><a href="#[b]">IRQ001_Handler</a> from hc32_ll_interrupts.o(.text.IRQ001_Handler) referenced from startup_hc32f460.o(RESET)
 <LI><a href="#[c]">IRQ002_Handler</a> from hc32_ll_interrupts.o(.text.IRQ002_Handler) referenced from startup_hc32f460.o(RESET)
 <LI><a href="#[d]">IRQ003_Handler</a> from hc32_ll_interrupts.o(.text.IRQ003_Handler) referenced from startup_hc32f460.o(RESET)
 <LI><a href="#[e]">IRQ004_Handler</a> from hc32_ll_interrupts.o(.text.IRQ004_Handler) referenced from startup_hc32f460.o(RESET)
 <LI><a href="#[f]">IRQ005_Handler</a> from hc32_ll_interrupts.o(.text.IRQ005_Handler) referenced from startup_hc32f460.o(RESET)
 <LI><a href="#[10]">IRQ006_Handler</a> from hc32_ll_interrupts.o(.text.IRQ006_Handler) referenced from startup_hc32f460.o(RESET)
 <LI><a href="#[11]">IRQ007_Handler</a> from hc32_ll_interrupts.o(.text.IRQ007_Handler) referenced from startup_hc32f460.o(RESET)
 <LI><a href="#[12]">IRQ008_Handler</a> from hc32_ll_interrupts.o(.text.IRQ008_Handler) referenced from startup_hc32f460.o(RESET)
 <LI><a href="#[13]">IRQ009_Handler</a> from hc32_ll_interrupts.o(.text.IRQ009_Handler) referenced from startup_hc32f460.o(RESET)
 <LI><a href="#[14]">IRQ010_Handler</a> from hc32_ll_interrupts.o(.text.IRQ010_Handler) referenced from startup_hc32f460.o(RESET)
 <LI><a href="#[15]">IRQ011_Handler</a> from hc32_ll_interrupts.o(.text.IRQ011_Handler) referenced from startup_hc32f460.o(RESET)
 <LI><a href="#[16]">IRQ012_Handler</a> from hc32_ll_interrupts.o(.text.IRQ012_Handler) referenced from startup_hc32f460.o(RESET)
 <LI><a href="#[17]">IRQ013_Handler</a> from hc32_ll_interrupts.o(.text.IRQ013_Handler) referenced from startup_hc32f460.o(RESET)
 <LI><a href="#[18]">IRQ014_Handler</a> from hc32_ll_interrupts.o(.text.IRQ014_Handler) referenced from startup_hc32f460.o(RESET)
 <LI><a href="#[19]">IRQ015_Handler</a> from hc32_ll_interrupts.o(.text.IRQ015_Handler) referenced from startup_hc32f460.o(RESET)
 <LI><a href="#[1a]">IRQ016_Handler</a> from hc32_ll_interrupts.o(.text.IRQ016_Handler) referenced from startup_hc32f460.o(RESET)
 <LI><a href="#[1b]">IRQ017_Handler</a> from hc32_ll_interrupts.o(.text.IRQ017_Handler) referenced from startup_hc32f460.o(RESET)
 <LI><a href="#[1c]">IRQ018_Handler</a> from hc32_ll_interrupts.o(.text.IRQ018_Handler) referenced from startup_hc32f460.o(RESET)
 <LI><a href="#[1d]">IRQ019_Handler</a> from hc32_ll_interrupts.o(.text.IRQ019_Handler) referenced from startup_hc32f460.o(RESET)
 <LI><a href="#[1e]">IRQ020_Handler</a> from hc32_ll_interrupts.o(.text.IRQ020_Handler) referenced from startup_hc32f460.o(RESET)
 <LI><a href="#[1f]">IRQ021_Handler</a> from hc32_ll_interrupts.o(.text.IRQ021_Handler) referenced from startup_hc32f460.o(RESET)
 <LI><a href="#[20]">IRQ022_Handler</a> from hc32_ll_interrupts.o(.text.IRQ022_Handler) referenced from startup_hc32f460.o(RESET)
 <LI><a href="#[21]">IRQ023_Handler</a> from hc32_ll_interrupts.o(.text.IRQ023_Handler) referenced from startup_hc32f460.o(RESET)
 <LI><a href="#[22]">IRQ024_Handler</a> from hc32_ll_interrupts.o(.text.IRQ024_Handler) referenced from startup_hc32f460.o(RESET)
 <LI><a href="#[23]">IRQ025_Handler</a> from hc32_ll_interrupts.o(.text.IRQ025_Handler) referenced from startup_hc32f460.o(RESET)
 <LI><a href="#[24]">IRQ026_Handler</a> from hc32_ll_interrupts.o(.text.IRQ026_Handler) referenced from startup_hc32f460.o(RESET)
 <LI><a href="#[25]">IRQ027_Handler</a> from hc32_ll_interrupts.o(.text.IRQ027_Handler) referenced from startup_hc32f460.o(RESET)
 <LI><a href="#[26]">IRQ028_Handler</a> from hc32_ll_interrupts.o(.text.IRQ028_Handler) referenced from startup_hc32f460.o(RESET)
 <LI><a href="#[27]">IRQ029_Handler</a> from hc32_ll_interrupts.o(.text.IRQ029_Handler) referenced from startup_hc32f460.o(RESET)
 <LI><a href="#[28]">IRQ030_Handler</a> from hc32_ll_interrupts.o(.text.IRQ030_Handler) referenced from startup_hc32f460.o(RESET)
 <LI><a href="#[29]">IRQ031_Handler</a> from hc32_ll_interrupts.o(.text.IRQ031_Handler) referenced from startup_hc32f460.o(RESET)
 <LI><a href="#[2a]">IRQ032_Handler</a> from hc32_ll_interrupts.o(.text.IRQ032_Handler) referenced from startup_hc32f460.o(RESET)
 <LI><a href="#[2b]">IRQ033_Handler</a> from hc32_ll_interrupts.o(.text.IRQ033_Handler) referenced from startup_hc32f460.o(RESET)
 <LI><a href="#[2c]">IRQ034_Handler</a> from hc32_ll_interrupts.o(.text.IRQ034_Handler) referenced from startup_hc32f460.o(RESET)
 <LI><a href="#[2d]">IRQ035_Handler</a> from hc32_ll_interrupts.o(.text.IRQ035_Handler) referenced from startup_hc32f460.o(RESET)
 <LI><a href="#[2e]">IRQ036_Handler</a> from hc32_ll_interrupts.o(.text.IRQ036_Handler) referenced from startup_hc32f460.o(RESET)
 <LI><a href="#[2f]">IRQ037_Handler</a> from hc32_ll_interrupts.o(.text.IRQ037_Handler) referenced from startup_hc32f460.o(RESET)
 <LI><a href="#[30]">IRQ038_Handler</a> from hc32_ll_interrupts.o(.text.IRQ038_Handler) referenced from startup_hc32f460.o(RESET)
 <LI><a href="#[31]">IRQ039_Handler</a> from hc32_ll_interrupts.o(.text.IRQ039_Handler) referenced from startup_hc32f460.o(RESET)
 <LI><a href="#[32]">IRQ040_Handler</a> from hc32_ll_interrupts.o(.text.IRQ040_Handler) referenced from startup_hc32f460.o(RESET)
 <LI><a href="#[33]">IRQ041_Handler</a> from hc32_ll_interrupts.o(.text.IRQ041_Handler) referenced from startup_hc32f460.o(RESET)
 <LI><a href="#[34]">IRQ042_Handler</a> from hc32_ll_interrupts.o(.text.IRQ042_Handler) referenced from startup_hc32f460.o(RESET)
 <LI><a href="#[35]">IRQ043_Handler</a> from hc32_ll_interrupts.o(.text.IRQ043_Handler) referenced from startup_hc32f460.o(RESET)
 <LI><a href="#[36]">IRQ044_Handler</a> from hc32_ll_interrupts.o(.text.IRQ044_Handler) referenced from startup_hc32f460.o(RESET)
 <LI><a href="#[37]">IRQ045_Handler</a> from hc32_ll_interrupts.o(.text.IRQ045_Handler) referenced from startup_hc32f460.o(RESET)
 <LI><a href="#[38]">IRQ046_Handler</a> from hc32_ll_interrupts.o(.text.IRQ046_Handler) referenced from startup_hc32f460.o(RESET)
 <LI><a href="#[39]">IRQ047_Handler</a> from hc32_ll_interrupts.o(.text.IRQ047_Handler) referenced from startup_hc32f460.o(RESET)
 <LI><a href="#[3a]">IRQ048_Handler</a> from hc32_ll_interrupts.o(.text.IRQ048_Handler) referenced from startup_hc32f460.o(RESET)
 <LI><a href="#[3b]">IRQ049_Handler</a> from hc32_ll_interrupts.o(.text.IRQ049_Handler) referenced from startup_hc32f460.o(RESET)
 <LI><a href="#[3c]">IRQ050_Handler</a> from hc32_ll_interrupts.o(.text.IRQ050_Handler) referenced from startup_hc32f460.o(RESET)
 <LI><a href="#[3d]">IRQ051_Handler</a> from hc32_ll_interrupts.o(.text.IRQ051_Handler) referenced from startup_hc32f460.o(RESET)
 <LI><a href="#[3e]">IRQ052_Handler</a> from hc32_ll_interrupts.o(.text.IRQ052_Handler) referenced from startup_hc32f460.o(RESET)
 <LI><a href="#[3f]">IRQ053_Handler</a> from hc32_ll_interrupts.o(.text.IRQ053_Handler) referenced from startup_hc32f460.o(RESET)
 <LI><a href="#[40]">IRQ054_Handler</a> from hc32_ll_interrupts.o(.text.IRQ054_Handler) referenced from startup_hc32f460.o(RESET)
 <LI><a href="#[41]">IRQ055_Handler</a> from hc32_ll_interrupts.o(.text.IRQ055_Handler) referenced from startup_hc32f460.o(RESET)
 <LI><a href="#[42]">IRQ056_Handler</a> from hc32_ll_interrupts.o(.text.IRQ056_Handler) referenced from startup_hc32f460.o(RESET)
 <LI><a href="#[43]">IRQ057_Handler</a> from hc32_ll_interrupts.o(.text.IRQ057_Handler) referenced from startup_hc32f460.o(RESET)
 <LI><a href="#[44]">IRQ058_Handler</a> from hc32_ll_interrupts.o(.text.IRQ058_Handler) referenced from startup_hc32f460.o(RESET)
 <LI><a href="#[45]">IRQ059_Handler</a> from hc32_ll_interrupts.o(.text.IRQ059_Handler) referenced from startup_hc32f460.o(RESET)
 <LI><a href="#[46]">IRQ060_Handler</a> from hc32_ll_interrupts.o(.text.IRQ060_Handler) referenced from startup_hc32f460.o(RESET)
 <LI><a href="#[47]">IRQ061_Handler</a> from hc32_ll_interrupts.o(.text.IRQ061_Handler) referenced from startup_hc32f460.o(RESET)
 <LI><a href="#[48]">IRQ062_Handler</a> from hc32_ll_interrupts.o(.text.IRQ062_Handler) referenced from startup_hc32f460.o(RESET)
 <LI><a href="#[49]">IRQ063_Handler</a> from hc32_ll_interrupts.o(.text.IRQ063_Handler) referenced from startup_hc32f460.o(RESET)
 <LI><a href="#[4a]">IRQ064_Handler</a> from hc32_ll_interrupts.o(.text.IRQ064_Handler) referenced from startup_hc32f460.o(RESET)
 <LI><a href="#[4b]">IRQ065_Handler</a> from hc32_ll_interrupts.o(.text.IRQ065_Handler) referenced from startup_hc32f460.o(RESET)
 <LI><a href="#[4c]">IRQ066_Handler</a> from hc32_ll_interrupts.o(.text.IRQ066_Handler) referenced from startup_hc32f460.o(RESET)
 <LI><a href="#[4d]">IRQ067_Handler</a> from hc32_ll_interrupts.o(.text.IRQ067_Handler) referenced from startup_hc32f460.o(RESET)
 <LI><a href="#[4e]">IRQ068_Handler</a> from hc32_ll_interrupts.o(.text.IRQ068_Handler) referenced from startup_hc32f460.o(RESET)
 <LI><a href="#[4f]">IRQ069_Handler</a> from hc32_ll_interrupts.o(.text.IRQ069_Handler) referenced from startup_hc32f460.o(RESET)
 <LI><a href="#[50]">IRQ070_Handler</a> from hc32_ll_interrupts.o(.text.IRQ070_Handler) referenced from startup_hc32f460.o(RESET)
 <LI><a href="#[51]">IRQ071_Handler</a> from hc32_ll_interrupts.o(.text.IRQ071_Handler) referenced from startup_hc32f460.o(RESET)
 <LI><a href="#[52]">IRQ072_Handler</a> from hc32_ll_interrupts.o(.text.IRQ072_Handler) referenced from startup_hc32f460.o(RESET)
 <LI><a href="#[53]">IRQ073_Handler</a> from hc32_ll_interrupts.o(.text.IRQ073_Handler) referenced from startup_hc32f460.o(RESET)
 <LI><a href="#[54]">IRQ074_Handler</a> from hc32_ll_interrupts.o(.text.IRQ074_Handler) referenced from startup_hc32f460.o(RESET)
 <LI><a href="#[55]">IRQ075_Handler</a> from hc32_ll_interrupts.o(.text.IRQ075_Handler) referenced from startup_hc32f460.o(RESET)
 <LI><a href="#[56]">IRQ076_Handler</a> from hc32_ll_interrupts.o(.text.IRQ076_Handler) referenced from startup_hc32f460.o(RESET)
 <LI><a href="#[57]">IRQ077_Handler</a> from hc32_ll_interrupts.o(.text.IRQ077_Handler) referenced from startup_hc32f460.o(RESET)
 <LI><a href="#[58]">IRQ078_Handler</a> from hc32_ll_interrupts.o(.text.IRQ078_Handler) referenced from startup_hc32f460.o(RESET)
 <LI><a href="#[59]">IRQ079_Handler</a> from hc32_ll_interrupts.o(.text.IRQ079_Handler) referenced from startup_hc32f460.o(RESET)
 <LI><a href="#[5a]">IRQ080_Handler</a> from hc32_ll_interrupts.o(.text.IRQ080_Handler) referenced from startup_hc32f460.o(RESET)
 <LI><a href="#[5b]">IRQ081_Handler</a> from hc32_ll_interrupts.o(.text.IRQ081_Handler) referenced from startup_hc32f460.o(RESET)
 <LI><a href="#[5c]">IRQ082_Handler</a> from hc32_ll_interrupts.o(.text.IRQ082_Handler) referenced from startup_hc32f460.o(RESET)
 <LI><a href="#[5d]">IRQ083_Handler</a> from hc32_ll_interrupts.o(.text.IRQ083_Handler) referenced from startup_hc32f460.o(RESET)
 <LI><a href="#[5e]">IRQ084_Handler</a> from hc32_ll_interrupts.o(.text.IRQ084_Handler) referenced from startup_hc32f460.o(RESET)
 <LI><a href="#[5f]">IRQ085_Handler</a> from hc32_ll_interrupts.o(.text.IRQ085_Handler) referenced from startup_hc32f460.o(RESET)
 <LI><a href="#[60]">IRQ086_Handler</a> from hc32_ll_interrupts.o(.text.IRQ086_Handler) referenced from startup_hc32f460.o(RESET)
 <LI><a href="#[61]">IRQ087_Handler</a> from hc32_ll_interrupts.o(.text.IRQ087_Handler) referenced from startup_hc32f460.o(RESET)
 <LI><a href="#[62]">IRQ088_Handler</a> from hc32_ll_interrupts.o(.text.IRQ088_Handler) referenced from startup_hc32f460.o(RESET)
 <LI><a href="#[63]">IRQ089_Handler</a> from hc32_ll_interrupts.o(.text.IRQ089_Handler) referenced from startup_hc32f460.o(RESET)
 <LI><a href="#[64]">IRQ090_Handler</a> from hc32_ll_interrupts.o(.text.IRQ090_Handler) referenced from startup_hc32f460.o(RESET)
 <LI><a href="#[65]">IRQ091_Handler</a> from hc32_ll_interrupts.o(.text.IRQ091_Handler) referenced from startup_hc32f460.o(RESET)
 <LI><a href="#[66]">IRQ092_Handler</a> from hc32_ll_interrupts.o(.text.IRQ092_Handler) referenced from startup_hc32f460.o(RESET)
 <LI><a href="#[67]">IRQ093_Handler</a> from hc32_ll_interrupts.o(.text.IRQ093_Handler) referenced from startup_hc32f460.o(RESET)
 <LI><a href="#[68]">IRQ094_Handler</a> from hc32_ll_interrupts.o(.text.IRQ094_Handler) referenced from startup_hc32f460.o(RESET)
 <LI><a href="#[69]">IRQ095_Handler</a> from hc32_ll_interrupts.o(.text.IRQ095_Handler) referenced from startup_hc32f460.o(RESET)
 <LI><a href="#[6a]">IRQ096_Handler</a> from hc32_ll_interrupts.o(.text.IRQ096_Handler) referenced from startup_hc32f460.o(RESET)
 <LI><a href="#[6b]">IRQ097_Handler</a> from hc32_ll_interrupts.o(.text.IRQ097_Handler) referenced from startup_hc32f460.o(RESET)
 <LI><a href="#[6c]">IRQ098_Handler</a> from hc32_ll_interrupts.o(.text.IRQ098_Handler) referenced from startup_hc32f460.o(RESET)
 <LI><a href="#[6d]">IRQ099_Handler</a> from hc32_ll_interrupts.o(.text.IRQ099_Handler) referenced from startup_hc32f460.o(RESET)
 <LI><a href="#[6e]">IRQ100_Handler</a> from hc32_ll_interrupts.o(.text.IRQ100_Handler) referenced from startup_hc32f460.o(RESET)
 <LI><a href="#[6f]">IRQ101_Handler</a> from hc32_ll_interrupts.o(.text.IRQ101_Handler) referenced from startup_hc32f460.o(RESET)
 <LI><a href="#[70]">IRQ102_Handler</a> from hc32_ll_interrupts.o(.text.IRQ102_Handler) referenced from startup_hc32f460.o(RESET)
 <LI><a href="#[71]">IRQ103_Handler</a> from hc32_ll_interrupts.o(.text.IRQ103_Handler) referenced from startup_hc32f460.o(RESET)
 <LI><a href="#[72]">IRQ104_Handler</a> from hc32_ll_interrupts.o(.text.IRQ104_Handler) referenced from startup_hc32f460.o(RESET)
 <LI><a href="#[73]">IRQ105_Handler</a> from hc32_ll_interrupts.o(.text.IRQ105_Handler) referenced from startup_hc32f460.o(RESET)
 <LI><a href="#[74]">IRQ106_Handler</a> from hc32_ll_interrupts.o(.text.IRQ106_Handler) referenced from startup_hc32f460.o(RESET)
 <LI><a href="#[75]">IRQ107_Handler</a> from hc32_ll_interrupts.o(.text.IRQ107_Handler) referenced from startup_hc32f460.o(RESET)
 <LI><a href="#[76]">IRQ108_Handler</a> from hc32_ll_interrupts.o(.text.IRQ108_Handler) referenced from startup_hc32f460.o(RESET)
 <LI><a href="#[77]">IRQ109_Handler</a> from hc32_ll_interrupts.o(.text.IRQ109_Handler) referenced from startup_hc32f460.o(RESET)
 <LI><a href="#[78]">IRQ110_Handler</a> from hc32_ll_interrupts.o(.text.IRQ110_Handler) referenced from startup_hc32f460.o(RESET)
 <LI><a href="#[79]">IRQ111_Handler</a> from hc32_ll_interrupts.o(.text.IRQ111_Handler) referenced from startup_hc32f460.o(RESET)
 <LI><a href="#[7a]">IRQ112_Handler</a> from hc32_ll_interrupts.o(.text.IRQ112_Handler) referenced from startup_hc32f460.o(RESET)
 <LI><a href="#[7b]">IRQ113_Handler</a> from hc32_ll_interrupts.o(.text.IRQ113_Handler) referenced from startup_hc32f460.o(RESET)
 <LI><a href="#[7c]">IRQ114_Handler</a> from hc32_ll_interrupts.o(.text.IRQ114_Handler) referenced from startup_hc32f460.o(RESET)
 <LI><a href="#[7d]">IRQ115_Handler</a> from hc32_ll_interrupts.o(.text.IRQ115_Handler) referenced from startup_hc32f460.o(RESET)
 <LI><a href="#[7e]">IRQ116_Handler</a> from hc32_ll_interrupts.o(.text.IRQ116_Handler) referenced from startup_hc32f460.o(RESET)
 <LI><a href="#[7f]">IRQ117_Handler</a> from hc32_ll_interrupts.o(.text.IRQ117_Handler) referenced from startup_hc32f460.o(RESET)
 <LI><a href="#[80]">IRQ118_Handler</a> from hc32_ll_interrupts.o(.text.IRQ118_Handler) referenced from startup_hc32f460.o(RESET)
 <LI><a href="#[81]">IRQ119_Handler</a> from hc32_ll_interrupts.o(.text.IRQ119_Handler) referenced from startup_hc32f460.o(RESET)
 <LI><a href="#[82]">IRQ120_Handler</a> from hc32_ll_interrupts.o(.text.IRQ120_Handler) referenced from startup_hc32f460.o(RESET)
 <LI><a href="#[83]">IRQ121_Handler</a> from hc32_ll_interrupts.o(.text.IRQ121_Handler) referenced from startup_hc32f460.o(RESET)
 <LI><a href="#[84]">IRQ122_Handler</a> from hc32_ll_interrupts.o(.text.IRQ122_Handler) referenced from startup_hc32f460.o(RESET)
 <LI><a href="#[85]">IRQ123_Handler</a> from hc32_ll_interrupts.o(.text.IRQ123_Handler) referenced from startup_hc32f460.o(RESET)
 <LI><a href="#[86]">IRQ124_Handler</a> from hc32_ll_interrupts.o(.text.IRQ124_Handler) referenced from startup_hc32f460.o(RESET)
 <LI><a href="#[87]">IRQ125_Handler</a> from hc32_ll_interrupts.o(.text.IRQ125_Handler) referenced from startup_hc32f460.o(RESET)
 <LI><a href="#[88]">IRQ126_Handler</a> from hc32_ll_interrupts.o(.text.IRQ126_Handler) referenced from startup_hc32f460.o(RESET)
 <LI><a href="#[89]">IRQ127_Handler</a> from hc32_ll_interrupts.o(.text.IRQ127_Handler) referenced from startup_hc32f460.o(RESET)
 <LI><a href="#[8a]">IRQ128_Handler</a> from hc32f460_ll_interrupts_share.o(.text.IRQ128_Handler) referenced from startup_hc32f460.o(RESET)
 <LI><a href="#[8b]">IRQ129_Handler</a> from hc32f460_ll_interrupts_share.o(.text.IRQ129_Handler) referenced from startup_hc32f460.o(RESET)
 <LI><a href="#[8c]">IRQ130_Handler</a> from hc32f460_ll_interrupts_share.o(.text.IRQ130_Handler) referenced from startup_hc32f460.o(RESET)
 <LI><a href="#[8d]">IRQ131_Handler</a> from hc32f460_ll_interrupts_share.o(.text.IRQ131_Handler) referenced from startup_hc32f460.o(RESET)
 <LI><a href="#[8e]">IRQ132_Handler</a> from hc32f460_ll_interrupts_share.o(.text.IRQ132_Handler) referenced from startup_hc32f460.o(RESET)
 <LI><a href="#[8f]">IRQ133_Handler</a> from startup_hc32f460.o(.text) referenced from startup_hc32f460.o(RESET)
 <LI><a href="#[90]">IRQ134_Handler</a> from startup_hc32f460.o(.text) referenced from startup_hc32f460.o(RESET)
 <LI><a href="#[91]">IRQ135_Handler</a> from startup_hc32f460.o(.text) referenced from startup_hc32f460.o(RESET)
 <LI><a href="#[92]">IRQ136_Handler</a> from hc32f460_ll_interrupts_share.o(.text.IRQ136_Handler) referenced from startup_hc32f460.o(RESET)
 <LI><a href="#[93]">IRQ137_Handler</a> from hc32f460_ll_interrupts_share.o(.text.IRQ137_Handler) referenced from startup_hc32f460.o(RESET)
 <LI><a href="#[94]">IRQ138_Handler</a> from hc32f460_ll_interrupts_share.o(.text.IRQ138_Handler) referenced from startup_hc32f460.o(RESET)
 <LI><a href="#[95]">IRQ139_Handler</a> from hc32f460_ll_interrupts_share.o(.text.IRQ139_Handler) referenced from startup_hc32f460.o(RESET)
 <LI><a href="#[96]">IRQ140_Handler</a> from hc32f460_ll_interrupts_share.o(.text.IRQ140_Handler) referenced from startup_hc32f460.o(RESET)
 <LI><a href="#[97]">IRQ141_Handler</a> from hc32f460_ll_interrupts_share.o(.text.IRQ141_Handler) referenced from startup_hc32f460.o(RESET)
 <LI><a href="#[98]">IRQ142_Handler</a> from hc32f460_ll_interrupts_share.o(.text.IRQ142_Handler) referenced from startup_hc32f460.o(RESET)
 <LI><a href="#[99]">IRQ143_Handler</a> from hc32f460_ll_interrupts_share.o(.text.IRQ143_Handler) referenced from startup_hc32f460.o(RESET)
 <LI><a href="#[c0]">KEY_TMRA_IRQHandler</a> from keyconfig.o(.text.KEY_TMRA_IRQHandler) referenced 2 times from keyconfig.o(.text.configureKeyTimer)
 <LI><a href="#[3]">MemManage_Handler</a> from startup_hc32f460.o(.text) referenced from startup_hc32f460.o(RESET)
 <LI><a href="#[1]">NMI_Handler</a> from startup_hc32f460.o(.text) referenced from startup_hc32f460.o(RESET)
 <LI><a href="#[8]">PendSV_Handler</a> from port.o(.text.PendSV_Handler) referenced from startup_hc32f460.o(RESET)
 <LI><a href="#[0]">Reset_Handler</a> from startup_hc32f460.o(.text) referenced from startup_hc32f460.o(RESET)
 <LI><a href="#[6]">SVC_Handler</a> from port.o(.text.SVC_Handler) referenced from startup_hc32f460.o(RESET)
 <LI><a href="#[9]">SysTick_Handler</a> from port.o(.text.SysTick_Handler) referenced from startup_hc32f460.o(RESET)
 <LI><a href="#[9a]">SystemInit</a> from system_hc32f460.o(.text.SystemInit) referenced from startup_hc32f460.o(.text)
 <LI><a href="#[aa]">USART1_RX_DMA_TC_IrqCallback</a> from usart1config.o(.text.USART1_RX_DMA_TC_IrqCallback) referenced 2 times from usart1config.o(.text.USART1_Init)
 <LI><a href="#[ad]">USART1_RxError_IrqCallback</a> from usart1config.o(.text.USART1_RxError_IrqCallback) referenced 2 times from usart1config.o(.text.USART1_Init)
 <LI><a href="#[ae]">USART1_RxTimeout_IrqCallback</a> from usart1config.o(.text.USART1_RxTimeout_IrqCallback) referenced 2 times from usart1config.o(.text.USART1_Init)
 <LI><a href="#[ab]">USART1_TX_DMA_TC_IrqCallback</a> from usart1config.o(.text.USART1_TX_DMA_TC_IrqCallback) referenced 2 times from usart1config.o(.text.USART1_Init)
 <LI><a href="#[ac]">USART1_TxComplete_IrqCallback</a> from usart1config.o(.text.USART1_TxComplete_IrqCallback) referenced 2 times from usart1config.o(.text.USART1_Init)
 <LI><a href="#[5]">UsageFault_Handler</a> from startup_hc32f460.o(.text) referenced from startup_hc32f460.o(RESET)
 <LI><a href="#[c2]">task1_callback(btask_event_t*)</a> from main.o(.text._Z14task1_callbackP13btask_event_t) referenced 2 times from main.o(.text.main)
 <LI><a href="#[cb]">handleUart1Test(SystemMessage const&)</a> from usarttask.o(.text._ZL15handleUart1TestRK13SystemMessage) referenced 2 times from usarttask.o(.text.usart1Task)
 <LI><a href="#[bc]">handleLedControl(SystemMessage const&)</a> from commoncontrol.o(.text._ZL16handleLedControlRK13SystemMessage) referenced 2 times from commoncontrol.o(.text.commonControlTask)
 <LI><a href="#[ca]">handleUart1Receive(SystemMessage const&)</a> from usarttask.o(.text._ZL18handleUart1ReceiveRK13SystemMessage) referenced 2 times from usarttask.o(.text.usart1Task)
 <LI><a href="#[c9]">handleUart1Transmit(SystemMessage const&)</a> from usarttask.o(.text._ZL19handleUart1TransmitRK13SystemMessage) referenced 2 times from usarttask.o(.text.usart1Task)
 <LI><a href="#[c3]">AppTaskCreateProcess()</a> from main.o(.text._ZL20AppTaskCreateProcessv) referenced 2 times from main.o(.text.main)
 <LI><a href="#[af]">MessageBus::~MessageBus__sub_object()</a> from messagebus.o(.text._ZN10MessageBusD2Ev) referenced 2 times from messagebus.o(.text._ZN10MessageBus11getInstanceEv)
 <LI><a href="#[d2]">USART1Driver::send()</a> from usartdriver.o(.text._ZN12USART1Driver4sendEv) referenced from usartdriver.o(.rodata._ZTV12USART1Driver)
 <LI><a href="#[d3]">USART1Driver::receive()</a> from usartdriver.o(.text._ZN12USART1Driver7receiveEv) referenced from usartdriver.o(.rodata._ZTV12USART1Driver)
 <LI><a href="#[d1]">USART1Driver::~USART1Driver__deallocating()</a> from usartdriver.o(.text._ZN12USART1DriverD0Ev) referenced from usartdriver.o(.rodata._ZTV12USART1Driver)
 <LI><a href="#[d0]">CommInterface::~CommInterface__sub_object()</a> from usartdriver.o(.text._ZN13CommInterfaceD2Ev) referenced from usartdriver.o(.rodata._ZTV12USART1Driver)
 <LI><a href="#[d5]">MessageBusProcessor::getCommandFromMessage(SystemMessage const&)</a> from messagebusprocessor.o(.text._ZN19MessageBusProcessor21getCommandFromMessageERK13SystemMessage) referenced from messagebusprocessor.o(.rodata._ZTV19MessageBusProcessor)
 <LI><a href="#[d6]">MessageBusProcessor::~MessageBusProcessor__deallocating()</a> from messagebusprocessor.o(.text._ZN19MessageBusProcessorD0Ev) referenced from messagebusprocessor.o(.rodata._ZTV19MessageBusProcessor)
 <LI><a href="#[d7]">CommandProcessorBase&lang;UartCommand, UartMessage&rang;::executeCommand(UartMessage const&)</a> from uartprotocolprocessor.o(.text._ZN20CommandProcessorBaseI11UartCommand11UartMessageE14executeCommandERKS1_) referenced from uartprotocolprocessor.o(.rodata._ZTV20CommandProcessorBaseI11UartCommand11UartMessageE)
 <LI><a href="#[d7]">CommandProcessorBase&lang;UartCommand, UartMessage&rang;::executeCommand(UartMessage const&)</a> from uartprotocolprocessor.o(.text._ZN20CommandProcessorBaseI11UartCommand11UartMessageE14executeCommandERKS1_) referenced from uartprotocolprocessor.o(.rodata._ZTV21UartProtocolProcessor)
 <LI><a href="#[d9]">CommandProcessorBase&lang;UartCommand, UartMessage&rang;::~CommandProcessorBase__deallocating()</a> from uartprotocolprocessor.o(.text._ZN20CommandProcessorBaseI11UartCommand11UartMessageED0Ev) referenced from uartprotocolprocessor.o(.rodata._ZTV20CommandProcessorBaseI11UartCommand11UartMessageE)
 <LI><a href="#[b1]">CommandProcessorBase&lang;UartCommand, UartMessage&rang;::~CommandProcessorBase__sub_object()</a> from uartprotocolprocessor.o(.text._ZN20CommandProcessorBaseI11UartCommand11UartMessageED2Ev) referenced from uartprotocolprocessor.o(.rodata._ZTV20CommandProcessorBaseI11UartCommand11UartMessageE)
 <LI><a href="#[b1]">CommandProcessorBase&lang;UartCommand, UartMessage&rang;::~CommandProcessorBase__sub_object()</a> from uartprotocolprocessor.o(.text._ZN20CommandProcessorBaseI11UartCommand11UartMessageED2Ev) referenced from uartprotocolprocessor.o(.rodata._ZTV21UartProtocolProcessor)
 <LI><a href="#[b1]">CommandProcessorBase&lang;UartCommand, UartMessage&rang;::~CommandProcessorBase__sub_object()</a> from uartprotocolprocessor.o(.text._ZN20CommandProcessorBaseI11UartCommand11UartMessageED2Ev) referenced 2 times from uartprotocolprocessor.o(.text._ZN21UartProtocolProcessor11getInstanceEv)
 <LI><a href="#[d4]">CommandProcessorBase&lang;Message, SystemMessage&rang;::executeCommand(SystemMessage const&)</a> from messagebusprocessor.o(.text._ZN20CommandProcessorBaseI7Message13SystemMessageE14executeCommandERKS1_) referenced from messagebusprocessor.o(.rodata._ZTV19MessageBusProcessor)
 <LI><a href="#[d4]">CommandProcessorBase&lang;Message, SystemMessage&rang;::executeCommand(SystemMessage const&)</a> from messagebusprocessor.o(.text._ZN20CommandProcessorBaseI7Message13SystemMessageE14executeCommandERKS1_) referenced from messagebusprocessor.o(.rodata._ZTV20CommandProcessorBaseI7Message13SystemMessageE)
 <LI><a href="#[da]">CommandProcessorBase&lang;Message, SystemMessage&rang;::~CommandProcessorBase__deallocating()</a> from messagebusprocessor.o(.text._ZN20CommandProcessorBaseI7Message13SystemMessageED0Ev) referenced from messagebusprocessor.o(.rodata._ZTV20CommandProcessorBaseI7Message13SystemMessageE)
 <LI><a href="#[b0]">CommandProcessorBase&lang;Message, SystemMessage&rang;::~CommandProcessorBase__sub_object()</a> from messagebusprocessor.o(.text._ZN20CommandProcessorBaseI7Message13SystemMessageED2Ev) referenced from messagebusprocessor.o(.rodata._ZTV19MessageBusProcessor)
 <LI><a href="#[b0]">CommandProcessorBase&lang;Message, SystemMessage&rang;::~CommandProcessorBase__sub_object()</a> from messagebusprocessor.o(.text._ZN20CommandProcessorBaseI7Message13SystemMessageED2Ev) referenced from messagebusprocessor.o(.rodata._ZTV20CommandProcessorBaseI7Message13SystemMessageE)
 <LI><a href="#[b0]">CommandProcessorBase&lang;Message, SystemMessage&rang;::~CommandProcessorBase__sub_object()</a> from messagebusprocessor.o(.text._ZN20CommandProcessorBaseI7Message13SystemMessageED2Ev) referenced 2 times from messagebusprocessor.o(.text._ZN19MessageBusProcessor11getInstanceEv)
 <LI><a href="#[db]">UartProtocolProcessor::getCommandFromMessage(UartMessage const&)</a> from uartprotocolprocessor.o(.text._ZN21UartProtocolProcessor21getCommandFromMessageERK11UartMessage) referenced from uartprotocolprocessor.o(.rodata._ZTV21UartProtocolProcessor)
 <LI><a href="#[dc]">UartProtocolProcessor::~UartProtocolProcessor__deallocating()</a> from uartprotocolprocessor.o(.text._ZN21UartProtocolProcessorD0Ev) referenced from uartprotocolprocessor.o(.rodata._ZTV21UartProtocolProcessor)
 <LI><a href="#[b3]">void std::__2::__function::__policy_invoker&lang;void (UartMessage const&)&rang;::__call_impl&lang;std::__2::__function::__default_alloc_func&lang;UartProtocolProcessor::UartProtocolProcessor()::$_0, void (UartMessage const&)&rang;&rang;(std::__2::__function::__policy_storage const*, UartMessage const&)</a> from uartprotocolprocessor.o(.text._ZNSt3__210__function16__policy_invokerIFvRK11UartMessageEE11__call_implINS0_20__default_alloc_funcIZN21UartProtocolProcessorC1EvE3$_0S5_EEEEvPKNS0_16__policy_storageES4_) referenced 2 times from uartprotocolprocessor.o(.text._ZN21UartProtocolProcessorC2Ev)
 <LI><a href="#[b4]">void std::__2::__function::__policy_invoker&lang;void (UartMessage const&)&rang;::__call_impl&lang;std::__2::__function::__default_alloc_func&lang;UartProtocolProcessor::UartProtocolProcessor()::$_1, void (UartMessage const&)&rang;&rang;(std::__2::__function::__policy_storage const*, UartMessage const&)</a> from uartprotocolprocessor.o(.text._ZNSt3__210__function16__policy_invokerIFvRK11UartMessageEE11__call_implINS0_20__default_alloc_funcIZN21UartProtocolProcessorC1EvE3$_1S5_EEEEvPKNS0_16__policy_storageES4_) referenced 2 times from uartprotocolprocessor.o(.text._ZN21UartProtocolProcessorC2Ev)
 <LI><a href="#[b5]">void std::__2::__function::__policy_invoker&lang;void (UartMessage const&)&rang;::__call_impl&lang;std::__2::__function::__default_alloc_func&lang;UartProtocolProcessor::UartProtocolProcessor()::$_2, void (UartMessage const&)&rang;&rang;(std::__2::__function::__policy_storage const*, UartMessage const&)</a> from uartprotocolprocessor.o(.text._ZNSt3__210__function16__policy_invokerIFvRK11UartMessageEE11__call_implINS0_20__default_alloc_funcIZN21UartProtocolProcessorC1EvE3$_2S5_EEEEvPKNS0_16__policy_storageES4_) referenced 2 times from uartprotocolprocessor.o(.text._ZN21UartProtocolProcessorC2Ev)
 <LI><a href="#[b6]">void std::__2::__function::__policy_invoker&lang;void (UartMessage const&)&rang;::__call_impl&lang;std::__2::__function::__default_alloc_func&lang;UartProtocolProcessor::UartProtocolProcessor()::$_3, void (UartMessage const&)&rang;&rang;(std::__2::__function::__policy_storage const*, UartMessage const&)</a> from uartprotocolprocessor.o(.text._ZNSt3__210__function16__policy_invokerIFvRK11UartMessageEE11__call_implINS0_20__default_alloc_funcIZN21UartProtocolProcessorC1EvE3$_3S5_EEEEvPKNS0_16__policy_storageES4_) referenced 2 times from uartprotocolprocessor.o(.text._ZN21UartProtocolProcessorC2Ev)
 <LI><a href="#[b7]">void std::__2::__function::__policy_invoker&lang;void (UartMessage const&)&rang;::__call_impl&lang;std::__2::__function::__default_alloc_func&lang;UartProtocolProcessor::UartProtocolProcessor()::$_4, void (UartMessage const&)&rang;&rang;(std::__2::__function::__policy_storage const*, UartMessage const&)</a> from uartprotocolprocessor.o(.text._ZNSt3__210__function16__policy_invokerIFvRK11UartMessageEE11__call_implINS0_20__default_alloc_funcIZN21UartProtocolProcessorC1EvE3$_4S5_EEEEvPKNS0_16__policy_storageES4_) referenced 2 times from uartprotocolprocessor.o(.text._ZN21UartProtocolProcessorC2Ev)
 <LI><a href="#[b8]">void std::__2::__function::__policy_invoker&lang;void (UartMessage const&)&rang;::__call_impl&lang;std::__2::__function::__default_alloc_func&lang;UartProtocolProcessor::UartProtocolProcessor()::$_5, void (UartMessage const&)&rang;&rang;(std::__2::__function::__policy_storage const*, UartMessage const&)</a> from uartprotocolprocessor.o(.text._ZNSt3__210__function16__policy_invokerIFvRK11UartMessageEE11__call_implINS0_20__default_alloc_funcIZN21UartProtocolProcessorC1EvE3$_5S5_EEEEvPKNS0_16__policy_storageES4_) referenced 2 times from uartprotocolprocessor.o(.text._ZN21UartProtocolProcessorC2Ev)
 <LI><a href="#[b9]">void std::__2::__function::__policy_invoker&lang;void (UartMessage const&)&rang;::__call_impl&lang;std::__2::__function::__default_alloc_func&lang;UartProtocolProcessor::UartProtocolProcessor()::$_6, void (UartMessage const&)&rang;&rang;(std::__2::__function::__policy_storage const*, UartMessage const&)</a> from uartprotocolprocessor.o(.text._ZNSt3__210__function16__policy_invokerIFvRK11UartMessageEE11__call_implINS0_20__default_alloc_funcIZN21UartProtocolProcessorC1EvE3$_6S5_EEEEvPKNS0_16__policy_storageES4_) referenced 2 times from uartprotocolprocessor.o(.text._ZN21UartProtocolProcessorC2Ev)
 <LI><a href="#[ba]">void std::__2::__function::__policy_invoker&lang;void (UartMessage const&)&rang;::__call_impl&lang;std::__2::__function::__default_alloc_func&lang;UartProtocolProcessor::UartProtocolProcessor()::$_7, void (UartMessage const&)&rang;&rang;(std::__2::__function::__policy_storage const*, UartMessage const&)</a> from uartprotocolprocessor.o(.text._ZNSt3__210__function16__policy_invokerIFvRK11UartMessageEE11__call_implINS0_20__default_alloc_funcIZN21UartProtocolProcessorC1EvE3$_7S5_EEEEvPKNS0_16__policy_storageES4_) referenced 2 times from uartprotocolprocessor.o(.text._ZN21UartProtocolProcessorC2Ev)
 <LI><a href="#[b2]">std::__2::__function::__policy_invoker&lang;void (UartMessage const&)&rang;::__call_empty(std::__2::__function::__policy_storage const*, UartMessage const&)</a> from uartprotocolprocessor.o(.text._ZNSt3__210__function16__policy_invokerIFvRK11UartMessageEE12__call_emptyEPKNS0_16__policy_storageES4_) referenced 2 times from uartprotocolprocessor.o(.text._ZN21UartProtocolProcessorC2Ev)
 <LI><a href="#[b2]">std::__2::__function::__policy_invoker&lang;void (UartMessage const&)&rang;::__call_empty(std::__2::__function::__policy_storage const*, UartMessage const&)</a> from uartprotocolprocessor.o(.text._ZNSt3__210__function16__policy_invokerIFvRK11UartMessageEE12__call_emptyEPKNS0_16__policy_storageES4_) referenced 2 times from uartprotocolprocessor.o(.text._ZNSt3__212__hash_tableINS_17__hash_value_typeI11UartCommandNS_8functionIFvRK11UartMessageEEEEENS_22__unordered_map_hasherIS2_S9_NS_4hashIS2_EENS_8equal_toIS2_EELb1EEENS_21__unordered_map_equalIS2_S9_SE_SC_Lb1EEENS_9allocatorIS9_EEE25__emplace_unique_key_argsIS2_JRKNS_21piecewise_construct_tENS_5tupleIJRKS2_EEENSP_IJEEEEEENS_4pairINS_15__hash_iteratorIPNS_11__hash_nodeIS9_PvEEEEbEERKT_DpOT0_)
 <LI><a href="#[bd]">void std::__2::__function::__policy_invoker&lang;void (SystemMessage const&)&rang;::__call_impl&lang;std::__2::__function::__default_alloc_func&lang;void (*)(SystemMessage const&), void (SystemMessage const&)&rang;&rang;(std::__2::__function::__policy_storage const*, SystemMessage const&)</a> from commoncontrol.o(.text._ZNSt3__210__function16__policy_invokerIFvRK13SystemMessageEE11__call_implINS0_20__default_alloc_funcIPS5_S5_EEEEvPKNS0_16__policy_storageES4_) referenced 2 times from commoncontrol.o(.text.commonControlTask)
 <LI><a href="#[bd]">void std::__2::__function::__policy_invoker&lang;void (SystemMessage const&)&rang;::__call_impl&lang;std::__2::__function::__default_alloc_func&lang;void (*)(SystemMessage const&), void (SystemMessage const&)&rang;&rang;(std::__2::__function::__policy_storage const*, SystemMessage const&)</a> from commoncontrol.o(.text._ZNSt3__210__function16__policy_invokerIFvRK13SystemMessageEE11__call_implINS0_20__default_alloc_funcIPS5_S5_EEEEvPKNS0_16__policy_storageES4_) referenced 6 times from usarttask.o(.text.usart1Task)
 <LI><a href="#[bb]">std::__2::__function::__policy_invoker&lang;void (SystemMessage const&)&rang;::__call_empty(std::__2::__function::__policy_storage const*, SystemMessage const&)</a> from commoncontrol.o(.text._ZNSt3__210__function16__policy_invokerIFvRK13SystemMessageEE12__call_emptyEPKNS0_16__policy_storageES4_) referenced 2 times from commoncontrol.o(.text._ZNSt3__212__hash_tableINS_17__hash_value_typeI7MessageNS_8functionIFvRK13SystemMessageEEEEENS_22__unordered_map_hasherIS2_S9_NS_4hashIS2_EENS_8equal_toIS2_EELb1EEENS_21__unordered_map_equalIS2_S9_SE_SC_Lb1EEENS_9allocatorIS9_EEE25__emplace_unique_key_argsIS2_JRKNS_21piecewise_construct_tENS_5tupleIJRKS2_EEENSP_IJEEEEEENS_4pairINS_15__hash_iteratorIPNS_11__hash_nodeIS9_PvEEEEbEERKT_DpOT0_)
 <LI><a href="#[bb]">std::__2::__function::__policy_invoker&lang;void (SystemMessage const&)&rang;::__call_empty(std::__2::__function::__policy_storage const*, SystemMessage const&)</a> from commoncontrol.o(.text._ZNSt3__210__function16__policy_invokerIFvRK13SystemMessageEE12__call_emptyEPKNS0_16__policy_storageES4_) referenced 2 times from commoncontrol.o(.text.commonControlTask)
 <LI><a href="#[bb]">std::__2::__function::__policy_invoker&lang;void (SystemMessage const&)&rang;::__call_empty(std::__2::__function::__policy_storage const*, SystemMessage const&)</a> from commoncontrol.o(.text._ZNSt3__210__function16__policy_invokerIFvRK13SystemMessageEE12__call_emptyEPKNS0_16__policy_storageES4_) referenced 2 times from usarttask.o(.text.usart1Task)
 <LI><a href="#[de]">std::terminate()</a> from cxa_handlers.cpp.o(.text._ZSt9terminatev) referenced from cxa_default_handlers.cpp.o(.data.__cxa_unexpected_handler)
 <LI><a href="#[d8]">__cxa_pure_virtual</a> from cxa_virtual.cpp.o(.text.__cxa_pure_virtual) referenced from uartprotocolprocessor.o(.rodata._ZTV20CommandProcessorBaseI11UartCommand11UartMessageE)
 <LI><a href="#[d8]">__cxa_pure_virtual</a> from cxa_virtual.cpp.o(.text.__cxa_pure_virtual) referenced from messagebusprocessor.o(.rodata._ZTV20CommandProcessorBaseI7Message13SystemMessageE)
 <LI><a href="#[9b]">__main</a> from __main.o(!!!main) referenced from startup_hc32f460.o(.text)
 <LI><a href="#[dd]">abort</a> from abort.o(.text) referenced from cxa_default_handlers.cpp.o(.data.__cxa_terminate_handler)
 <LI><a href="#[ce]">acquireBeatTaskMutex</a> from beattaskconfig.o(.text.acquireBeatTaskMutex) referenced from beattaskconfig.o(.rodata..L__const.registerBeatTaskMutex.mutexCallbacks)
 <LI><a href="#[c5]">beatTaskHandlerFunction</a> from beattaskconfig.o(.text.beatTaskHandlerFunction) referenced 2 times from beattaskconfig.o(.text.registerBeatTaskMutex)
 <LI><a href="#[c7]">buttonTask</a> from buttoncontrol.o(.text.buttonTask) referenced 2 times from taskfactory.o(.text.taskFactoryInitStatic)
 <LI><a href="#[c8]">commonControlTask</a> from commoncontrol.o(.text.commonControlTask) referenced 2 times from taskfactory.o(.text.taskFactoryInitStatic)
 <LI><a href="#[a9]">drvCanSend</a> from drvhal.o(.text.drvCanSend) referenced 2 times from drvhal.o(.text.HAL_injectDrvHal)
 <LI><a href="#[9d]">drvDelayMillis</a> from drvhal.o(.text.drvDelayMillis) referenced 2 times from drvhal.o(.text.HAL_injectDrvHal)
 <LI><a href="#[9e]">drvGetTick</a> from drvhal.o(.text.drvGetTick) referenced 2 times from drvhal.o(.text.HAL_injectDrvHal)
 <LI><a href="#[9c]">drvInitSystem</a> from drvhal.o(.text.drvInitSystem) referenced 2 times from drvhal.o(.text.HAL_injectDrvHal)
 <LI><a href="#[a1]">drvLedToggle</a> from drvhal.o(.text.drvLedToggle) referenced 2 times from drvhal.o(.text.HAL_injectDrvHal)
 <LI><a href="#[a0]">drvLedTurnOff</a> from drvhal.o(.text.drvLedTurnOff) referenced 2 times from drvhal.o(.text.HAL_injectDrvHal)
 <LI><a href="#[9f]">drvLedTurnOn</a> from drvhal.o(.text.drvLedTurnOn) referenced 2 times from drvhal.o(.text.HAL_injectDrvHal)
 <LI><a href="#[a5]">drvPwmConfigure</a> from drvhal.o(.text.drvPwmConfigure) referenced 2 times from drvhal.o(.text.HAL_injectDrvHal)
 <LI><a href="#[a2]">drvPwmGetDirection</a> from drvhal.o(.text.drvPwmGetDirection) referenced 2 times from drvhal.o(.text.HAL_injectDrvHal)
 <LI><a href="#[a6]">drvPwmSetDirection</a> from drvhal.o(.text.drvPwmSetDirection) referenced 2 times from drvhal.o(.text.HAL_injectDrvHal)
 <LI><a href="#[a3]">drvPwmStart</a> from drvhal.o(.text.drvPwmStart) referenced 2 times from drvhal.o(.text.HAL_injectDrvHal)
 <LI><a href="#[a4]">drvPwmStop</a> from drvhal.o(.text.drvPwmStop) referenced 2 times from drvhal.o(.text.HAL_injectDrvHal)
 <LI><a href="#[a8]">drvUartReceive</a> from drvhal.o(.text.drvUartReceive) referenced 2 times from drvhal.o(.text.HAL_injectDrvHal)
 <LI><a href="#[a7]">drvUartSend</a> from drvhal.o(.text.drvUartSend) referenced 2 times from drvhal.o(.text.HAL_injectDrvHal)
 <LI><a href="#[cc]">prvIdleTask</a> from tasks.o(.text.prvIdleTask) referenced 2 times from tasks.o(.text.vTaskStartScheduler)
 <LI><a href="#[c4]">prvTaskExitError</a> from port.o(.text.prvTaskExitError) referenced 2 times from port.o(.text.pxPortInitialiseStack)
 <LI><a href="#[cd]">prvTimerTask</a> from timers.o(.text.prvTimerTask) referenced 2 times from timers.o(.text.xTimerCreateTimerTask)
 <LI><a href="#[c1]">readKeyInputLevel</a> from keyconfig.o(.text.readKeyInputLevel) referenced 2 times from keyconfig.o(.text.initializeKeyConfiguration)
 <LI><a href="#[cf]">releaseBeatTaskMutex</a> from beattaskconfig.o(.text.releaseBeatTaskMutex) referenced from beattaskconfig.o(.rodata..L__const.registerBeatTaskMutex.mutexCallbacks)
 <LI><a href="#[c6]">usart1Task</a> from usarttask.o(.text.usart1Task) referenced 2 times from taskfactory.o(.text.taskFactoryInitStatic)
</UL>
<P>
<H3>
Global Symbols
</H3>
<P><STRONG><a name="[9b]"></a>__main</STRONG> (Thumb, 8 bytes, Stack size 0 bytes, __main.o(!!!main))
<BR><BR>[Calls]<UL><LI><a href="#[1c2]">&gt;&gt;</a>&nbsp;&nbsp;&nbsp;__rt_entry
<LI><a href="#[1c1]">&gt;&gt;</a>&nbsp;&nbsp;&nbsp;__scatterload
</UL>
<BR>[Address Reference Count : 1]<UL><LI> startup_hc32f460.o(.text)
</UL>
<P><STRONG><a name="[1c1]"></a>__scatterload</STRONG> (Thumb, 0 bytes, Stack size unknown bytes, __scatter.o(!!!scatter))
<BR><BR>[Called By]<UL><LI><a href="#[9b]">&gt;&gt;</a>&nbsp;&nbsp;&nbsp;__main
</UL>

<P><STRONG><a name="[1c3]"></a>__scatterload_rt2</STRONG> (Thumb, 44 bytes, Stack size unknown bytes, __scatter.o(!!!scatter), UNUSED)
<BR><BR>[Calls]<UL><LI><a href="#[1c2]">&gt;&gt;</a>&nbsp;&nbsp;&nbsp;__rt_entry
</UL>

<P><STRONG><a name="[2dc]"></a>__scatterload_rt2_thumb_only</STRONG> (Thumb, 0 bytes, Stack size unknown bytes, __scatter.o(!!!scatter), UNUSED)

<P><STRONG><a name="[2dd]"></a>__scatterload_null</STRONG> (Thumb, 0 bytes, Stack size unknown bytes, __scatter.o(!!!scatter), UNUSED)

<P><STRONG><a name="[1c4]"></a>__scatterload_copy</STRONG> (Thumb, 26 bytes, Stack size unknown bytes, __scatter_copy.o(!!handler_copy), UNUSED)
<BR><BR>[Calls]<UL><LI><a href="#[1c4]">&gt;&gt;</a>&nbsp;&nbsp;&nbsp;__scatterload_copy
</UL>
<BR>[Called By]<UL><LI><a href="#[1c4]">&gt;&gt;</a>&nbsp;&nbsp;&nbsp;__scatterload_copy
</UL>

<P><STRONG><a name="[2de]"></a>__scatterload_zeroinit</STRONG> (Thumb, 28 bytes, Stack size unknown bytes, __scatter_zi.o(!!handler_zi), UNUSED)

<P><STRONG><a name="[2df]"></a>_printf_percent</STRONG> (Thumb, 0 bytes, Stack size unknown bytes, _printf_percent.o(.ARM.Collect$$_printf_percent$$00000000))

<P><STRONG><a name="[1c5]"></a>_printf_u</STRONG> (Thumb, 0 bytes, Stack size unknown bytes, _printf_u.o(.ARM.Collect$$_printf_percent$$0000000A))
<BR><BR>[Stack]<UL><LI>Max Depth = 56 + Unknown Stack Size
<LI>Call Chain = _printf_u &rArr; _printf_int_dec &rArr; _printf_int_common
</UL>
<BR>[Calls]<UL><LI><a href="#[1c6]">&gt;&gt;</a>&nbsp;&nbsp;&nbsp;_printf_int_dec
</UL>

<P><STRONG><a name="[1c7]"></a>_printf_c</STRONG> (Thumb, 0 bytes, Stack size unknown bytes, _printf_c.o(.ARM.Collect$$_printf_percent$$00000013))
<BR><BR>[Stack]<UL><LI>Max Depth = 24 + Unknown Stack Size
<LI>Call Chain = _printf_c &rArr; _printf_char &rArr; _printf_cs_common &rArr; _printf_str
</UL>
<BR>[Calls]<UL><LI><a href="#[1c8]">&gt;&gt;</a>&nbsp;&nbsp;&nbsp;_printf_char
</UL>

<P><STRONG><a name="[2e0]"></a>_printf_percent_end</STRONG> (Thumb, 0 bytes, Stack size unknown bytes, _printf_percent_end.o(.ARM.Collect$$_printf_percent$$00000017))

<P><STRONG><a name="[1d2]"></a>__rt_lib_init</STRONG> (Thumb, 0 bytes, Stack size unknown bytes, libinit.o(.ARM.Collect$$libinit$$00000000))
<BR><BR>[Called By]<UL><LI><a href="#[1d1]">&gt;&gt;</a>&nbsp;&nbsp;&nbsp;__rt_entry_li
</UL>

<P><STRONG><a name="[1c9]"></a>__rt_lib_init_fp_1</STRONG> (Thumb, 0 bytes, Stack size unknown bytes, libinit2.o(.ARM.Collect$$libinit$$00000001))
<BR><BR>[Calls]<UL><LI><a href="#[1ca]">&gt;&gt;</a>&nbsp;&nbsp;&nbsp;_fp_init
</UL>

<P><STRONG><a name="[1cb]"></a>__rt_lib_init_heap_2</STRONG> (Thumb, 0 bytes, Stack size unknown bytes, libinit2.o(.ARM.Collect$$libinit$$00000007))
<BR><BR>[Stack]<UL><LI>Max Depth = 64 + Unknown Stack Size
<LI>Call Chain = __rt_lib_init_heap_2 &rArr; _init_alloc &rArr; __rt_SIGRTMEM &rArr; __rt_SIGRTMEM_inner &rArr; __default_signal_display &rArr; _ttywrch
</UL>
<BR>[Calls]<UL><LI><a href="#[1cc]">&gt;&gt;</a>&nbsp;&nbsp;&nbsp;_init_alloc
</UL>

<P><STRONG><a name="[2e1]"></a>__rt_lib_init_preinit_1</STRONG> (Thumb, 0 bytes, Stack size unknown bytes, libinit2.o(.ARM.Collect$$libinit$$00000006))

<P><STRONG><a name="[2e2]"></a>__rt_lib_init_relocate_pie_1</STRONG> (Thumb, 0 bytes, Stack size unknown bytes, libinit2.o(.ARM.Collect$$libinit$$00000004))

<P><STRONG><a name="[2e3]"></a>__rt_lib_init_alloca_1</STRONG> (Thumb, 0 bytes, Stack size unknown bytes, libinit2.o(.ARM.Collect$$libinit$$00000030))

<P><STRONG><a name="[2e4]"></a>__rt_lib_init_argv_1</STRONG> (Thumb, 0 bytes, Stack size unknown bytes, libinit2.o(.ARM.Collect$$libinit$$0000002E))

<P><STRONG><a name="[2e5]"></a>__rt_lib_init_atexit_1</STRONG> (Thumb, 0 bytes, Stack size unknown bytes, libinit2.o(.ARM.Collect$$libinit$$0000001D))

<P><STRONG><a name="[2e6]"></a>__rt_lib_init_clock_1</STRONG> (Thumb, 0 bytes, Stack size unknown bytes, libinit2.o(.ARM.Collect$$libinit$$00000023))

<P><STRONG><a name="[2e7]"></a>__rt_lib_init_cpp_1</STRONG> (Thumb, 0 bytes, Stack size unknown bytes, libinit2.o(.ARM.Collect$$libinit$$00000034))

<P><STRONG><a name="[2e8]"></a>__rt_lib_init_exceptions_1</STRONG> (Thumb, 0 bytes, Stack size unknown bytes, libinit2.o(.ARM.Collect$$libinit$$00000032))

<P><STRONG><a name="[2e9]"></a>__rt_lib_init_fp_trap_1</STRONG> (Thumb, 0 bytes, Stack size unknown bytes, libinit2.o(.ARM.Collect$$libinit$$00000021))

<P><STRONG><a name="[2ea]"></a>__rt_lib_init_getenv_1</STRONG> (Thumb, 0 bytes, Stack size unknown bytes, libinit2.o(.ARM.Collect$$libinit$$00000025))

<P><STRONG><a name="[2eb]"></a>__rt_lib_init_heap_1</STRONG> (Thumb, 0 bytes, Stack size unknown bytes, libinit2.o(.ARM.Collect$$libinit$$0000000C))

<P><STRONG><a name="[2ec]"></a>__rt_lib_init_lc_collate_1</STRONG> (Thumb, 0 bytes, Stack size unknown bytes, libinit2.o(.ARM.Collect$$libinit$$00000013))

<P><STRONG><a name="[2ed]"></a>__rt_lib_init_lc_ctype_1</STRONG> (Thumb, 0 bytes, Stack size unknown bytes, libinit2.o(.ARM.Collect$$libinit$$00000015))

<P><STRONG><a name="[2ee]"></a>__rt_lib_init_lc_monetary_1</STRONG> (Thumb, 0 bytes, Stack size unknown bytes, libinit2.o(.ARM.Collect$$libinit$$00000017))

<P><STRONG><a name="[2ef]"></a>__rt_lib_init_lc_numeric_1</STRONG> (Thumb, 0 bytes, Stack size unknown bytes, libinit2.o(.ARM.Collect$$libinit$$00000019))

<P><STRONG><a name="[2f0]"></a>__rt_lib_init_lc_time_1</STRONG> (Thumb, 0 bytes, Stack size unknown bytes, libinit2.o(.ARM.Collect$$libinit$$0000001B))

<P><STRONG><a name="[2f1]"></a>__rt_lib_init_rand_1</STRONG> (Thumb, 0 bytes, Stack size unknown bytes, libinit2.o(.ARM.Collect$$libinit$$00000010))

<P><STRONG><a name="[2f2]"></a>__rt_lib_init_return</STRONG> (Thumb, 0 bytes, Stack size unknown bytes, libinit2.o(.ARM.Collect$$libinit$$00000035))

<P><STRONG><a name="[2f3]"></a>__rt_lib_init_signal_1</STRONG> (Thumb, 0 bytes, Stack size unknown bytes, libinit2.o(.ARM.Collect$$libinit$$0000001F))

<P><STRONG><a name="[2f4]"></a>__rt_lib_init_stdio_1</STRONG> (Thumb, 0 bytes, Stack size unknown bytes, libinit2.o(.ARM.Collect$$libinit$$00000027))

<P><STRONG><a name="[2f5]"></a>__rt_lib_init_user_alloc_1</STRONG> (Thumb, 0 bytes, Stack size unknown bytes, libinit2.o(.ARM.Collect$$libinit$$0000000E))

<P><STRONG><a name="[1d7]"></a>__rt_lib_shutdown</STRONG> (Thumb, 0 bytes, Stack size unknown bytes, libshutdown.o(.ARM.Collect$$libshutdown$$00000000))
<BR><BR>[Called By]<UL><LI><a href="#[dd]">&gt;&gt;</a>&nbsp;&nbsp;&nbsp;abort
<LI><a href="#[1d6]">&gt;&gt;</a>&nbsp;&nbsp;&nbsp;__rt_exit_ls
</UL>

<P><STRONG><a name="[1cd]"></a>__rt_lib_shutdown_cpp_2</STRONG> (Thumb, 0 bytes, Stack size unknown bytes, libshutdown2.o(.ARM.Collect$$libshutdown$$00000001))
<BR><BR>[Stack]<UL><LI>Max Depth = 40 + Unknown Stack Size
<LI>Call Chain = __rt_lib_shutdown_cpp_2 &rArr; __cxa_finalize &rArr; free
</UL>
<BR>[Calls]<UL><LI><a href="#[1ce]">&gt;&gt;</a>&nbsp;&nbsp;&nbsp;__cxa_finalize
</UL>

<P><STRONG><a name="[2f6]"></a>__rt_lib_shutdown_cpp_1</STRONG> (Thumb, 0 bytes, Stack size unknown bytes, libshutdown2.o(.ARM.Collect$$libshutdown$$00000002))

<P><STRONG><a name="[2f7]"></a>__rt_lib_shutdown_fp_trap_1</STRONG> (Thumb, 0 bytes, Stack size unknown bytes, libshutdown2.o(.ARM.Collect$$libshutdown$$00000007))

<P><STRONG><a name="[2f8]"></a>__rt_lib_shutdown_heap_1</STRONG> (Thumb, 0 bytes, Stack size unknown bytes, libshutdown2.o(.ARM.Collect$$libshutdown$$0000000F))

<P><STRONG><a name="[2f9]"></a>__rt_lib_shutdown_return</STRONG> (Thumb, 0 bytes, Stack size unknown bytes, libshutdown2.o(.ARM.Collect$$libshutdown$$00000010))

<P><STRONG><a name="[2fa]"></a>__rt_lib_shutdown_signal_1</STRONG> (Thumb, 0 bytes, Stack size unknown bytes, libshutdown2.o(.ARM.Collect$$libshutdown$$0000000A))

<P><STRONG><a name="[2fb]"></a>__rt_lib_shutdown_stdio_1</STRONG> (Thumb, 0 bytes, Stack size unknown bytes, libshutdown2.o(.ARM.Collect$$libshutdown$$00000004))

<P><STRONG><a name="[2fc]"></a>__rt_lib_shutdown_user_alloc_1</STRONG> (Thumb, 0 bytes, Stack size unknown bytes, libshutdown2.o(.ARM.Collect$$libshutdown$$0000000C))

<P><STRONG><a name="[1c2]"></a>__rt_entry</STRONG> (Thumb, 0 bytes, Stack size unknown bytes, __rtentry.o(.ARM.Collect$$rtentry$$00000000))
<BR><BR>[Called By]<UL><LI><a href="#[9b]">&gt;&gt;</a>&nbsp;&nbsp;&nbsp;__main
<LI><a href="#[1c3]">&gt;&gt;</a>&nbsp;&nbsp;&nbsp;__scatterload_rt2
</UL>

<P><STRONG><a name="[2fd]"></a>__rt_entry_presh_1</STRONG> (Thumb, 0 bytes, Stack size unknown bytes, __rtentry2.o(.ARM.Collect$$rtentry$$00000002))

<P><STRONG><a name="[1cf]"></a>__rt_entry_sh</STRONG> (Thumb, 0 bytes, Stack size unknown bytes, __rtentry4.o(.ARM.Collect$$rtentry$$00000004))
<BR><BR>[Stack]<UL><LI>Max Depth = 8 + Unknown Stack Size
<LI>Call Chain = __rt_entry_sh &rArr; __user_setup_stackheap
</UL>
<BR>[Calls]<UL><LI><a href="#[1d0]">&gt;&gt;</a>&nbsp;&nbsp;&nbsp;__user_setup_stackheap
</UL>

<P><STRONG><a name="[1d1]"></a>__rt_entry_li</STRONG> (Thumb, 0 bytes, Stack size unknown bytes, __rtentry2.o(.ARM.Collect$$rtentry$$0000000A))
<BR><BR>[Calls]<UL><LI><a href="#[1d2]">&gt;&gt;</a>&nbsp;&nbsp;&nbsp;__rt_lib_init
</UL>

<P><STRONG><a name="[2fe]"></a>__rt_entry_postsh_1</STRONG> (Thumb, 0 bytes, Stack size unknown bytes, __rtentry2.o(.ARM.Collect$$rtentry$$00000009))

<P><STRONG><a name="[1d3]"></a>__rt_entry_main</STRONG> (Thumb, 0 bytes, Stack size unknown bytes, __rtentry2.o(.ARM.Collect$$rtentry$$0000000D))
<BR><BR>[Stack]<UL><LI>Max Depth = 188 + Unknown Stack Size
<LI>Call Chain = __rt_entry_main &rArr; main &rArr; vTaskStartScheduler &rArr; xTimerCreateTimerTask &rArr; xTaskCreateStatic &rArr; prvInitialiseNewTask &rArr; __aeabi_memset4 &rArr; _memset_w
</UL>
<BR>[Calls]<UL><LI><a href="#[1d4]">&gt;&gt;</a>&nbsp;&nbsp;&nbsp;main
<LI><a href="#[1d5]">&gt;&gt;</a>&nbsp;&nbsp;&nbsp;exit
</UL>

<P><STRONG><a name="[2ff]"></a>__rt_entry_postli_1</STRONG> (Thumb, 0 bytes, Stack size unknown bytes, __rtentry2.o(.ARM.Collect$$rtentry$$0000000C))

<P><STRONG><a name="[1f9]"></a>__rt_exit</STRONG> (Thumb, 0 bytes, Stack size unknown bytes, rtexit.o(.ARM.Collect$$rtexit$$00000000))
<BR><BR>[Called By]<UL><LI><a href="#[1d5]">&gt;&gt;</a>&nbsp;&nbsp;&nbsp;exit
</UL>

<P><STRONG><a name="[1d6]"></a>__rt_exit_ls</STRONG> (Thumb, 0 bytes, Stack size unknown bytes, rtexit2.o(.ARM.Collect$$rtexit$$00000003))
<BR><BR>[Calls]<UL><LI><a href="#[1d7]">&gt;&gt;</a>&nbsp;&nbsp;&nbsp;__rt_lib_shutdown
</UL>

<P><STRONG><a name="[300]"></a>__rt_exit_prels_1</STRONG> (Thumb, 0 bytes, Stack size unknown bytes, rtexit2.o(.ARM.Collect$$rtexit$$00000002))

<P><STRONG><a name="[1d8]"></a>__rt_exit_exit</STRONG> (Thumb, 0 bytes, Stack size unknown bytes, rtexit2.o(.ARM.Collect$$rtexit$$00000004))
<BR><BR>[Calls]<UL><LI><a href="#[1d9]">&gt;&gt;</a>&nbsp;&nbsp;&nbsp;_sys_exit
</UL>

<P><STRONG><a name="[0]"></a>Reset_Handler</STRONG> (Thumb, 56 bytes, Stack size 0 bytes, startup_hc32f460.o(.text))
<BR>[Address Reference Count : 1]<UL><LI> startup_hc32f460.o(RESET)
</UL>
<P><STRONG><a name="[1]"></a>NMI_Handler</STRONG> (Thumb, 2 bytes, Stack size 0 bytes, startup_hc32f460.o(.text))
<BR><BR>[Calls]<UL><LI><a href="#[1]">&gt;&gt;</a>&nbsp;&nbsp;&nbsp;NMI_Handler
</UL>
<BR>[Called By]<UL><LI><a href="#[1]">&gt;&gt;</a>&nbsp;&nbsp;&nbsp;NMI_Handler
</UL>
<BR>[Address Reference Count : 1]<UL><LI> startup_hc32f460.o(RESET)
</UL>
<P><STRONG><a name="[2]"></a>HardFault_Handler</STRONG> (Thumb, 2 bytes, Stack size 0 bytes, startup_hc32f460.o(.text))
<BR><BR>[Calls]<UL><LI><a href="#[2]">&gt;&gt;</a>&nbsp;&nbsp;&nbsp;HardFault_Handler
</UL>
<BR>[Called By]<UL><LI><a href="#[2]">&gt;&gt;</a>&nbsp;&nbsp;&nbsp;HardFault_Handler
</UL>
<BR>[Address Reference Count : 1]<UL><LI> startup_hc32f460.o(RESET)
</UL>
<P><STRONG><a name="[3]"></a>MemManage_Handler</STRONG> (Thumb, 2 bytes, Stack size 0 bytes, startup_hc32f460.o(.text))
<BR><BR>[Calls]<UL><LI><a href="#[3]">&gt;&gt;</a>&nbsp;&nbsp;&nbsp;MemManage_Handler
</UL>
<BR>[Called By]<UL><LI><a href="#[3]">&gt;&gt;</a>&nbsp;&nbsp;&nbsp;MemManage_Handler
</UL>
<BR>[Address Reference Count : 1]<UL><LI> startup_hc32f460.o(RESET)
</UL>
<P><STRONG><a name="[4]"></a>BusFault_Handler</STRONG> (Thumb, 2 bytes, Stack size 0 bytes, startup_hc32f460.o(.text))
<BR><BR>[Calls]<UL><LI><a href="#[4]">&gt;&gt;</a>&nbsp;&nbsp;&nbsp;BusFault_Handler
</UL>
<BR>[Called By]<UL><LI><a href="#[4]">&gt;&gt;</a>&nbsp;&nbsp;&nbsp;BusFault_Handler
</UL>
<BR>[Address Reference Count : 1]<UL><LI> startup_hc32f460.o(RESET)
</UL>
<P><STRONG><a name="[5]"></a>UsageFault_Handler</STRONG> (Thumb, 2 bytes, Stack size 0 bytes, startup_hc32f460.o(.text))
<BR><BR>[Calls]<UL><LI><a href="#[5]">&gt;&gt;</a>&nbsp;&nbsp;&nbsp;UsageFault_Handler
</UL>
<BR>[Called By]<UL><LI><a href="#[5]">&gt;&gt;</a>&nbsp;&nbsp;&nbsp;UsageFault_Handler
</UL>
<BR>[Address Reference Count : 1]<UL><LI> startup_hc32f460.o(RESET)
</UL>
<P><STRONG><a name="[7]"></a>DebugMon_Handler</STRONG> (Thumb, 2 bytes, Stack size 0 bytes, startup_hc32f460.o(.text))
<BR><BR>[Calls]<UL><LI><a href="#[7]">&gt;&gt;</a>&nbsp;&nbsp;&nbsp;DebugMon_Handler
</UL>
<BR>[Called By]<UL><LI><a href="#[7]">&gt;&gt;</a>&nbsp;&nbsp;&nbsp;DebugMon_Handler
</UL>
<BR>[Address Reference Count : 1]<UL><LI> startup_hc32f460.o(RESET)
</UL>
<P><STRONG><a name="[8f]"></a>IRQ133_Handler</STRONG> (Thumb, 0 bytes, Stack size 0 bytes, startup_hc32f460.o(.text))
<BR><BR>[Calls]<UL><LI><a href="#[8f]">&gt;&gt;</a>&nbsp;&nbsp;&nbsp;IRQ133_Handler
</UL>
<BR>[Called By]<UL><LI><a href="#[8f]">&gt;&gt;</a>&nbsp;&nbsp;&nbsp;IRQ133_Handler
</UL>
<BR>[Address Reference Count : 1]<UL><LI> startup_hc32f460.o(RESET)
</UL>
<P><STRONG><a name="[90]"></a>IRQ134_Handler</STRONG> (Thumb, 0 bytes, Stack size 0 bytes, startup_hc32f460.o(.text))
<BR>[Address Reference Count : 1]<UL><LI> startup_hc32f460.o(RESET)
</UL>
<P><STRONG><a name="[91]"></a>IRQ135_Handler</STRONG> (Thumb, 0 bytes, Stack size 0 bytes, startup_hc32f460.o(.text))
<BR>[Address Reference Count : 1]<UL><LI> startup_hc32f460.o(RESET)
</UL>
<P><STRONG><a name="[df]"></a>__user_initial_stackheap</STRONG> (Thumb, 0 bytes, Stack size unknown bytes, startup_hc32f460.o(.text))
<BR><BR>[Called By]<UL><LI><a href="#[1d0]">&gt;&gt;</a>&nbsp;&nbsp;&nbsp;__user_setup_stackheap
</UL>

<P><STRONG><a name="[dd]"></a>abort</STRONG> (Thumb, 22 bytes, Stack size 8 bytes, abort.o(.text))
<BR><BR>[Stack]<UL><LI>Max Depth = 48 + Unknown Stack Size
<LI>Call Chain = abort &rArr; __rt_SIGABRT &rArr; __rt_SIGABRT_inner &rArr; __default_signal_display &rArr; _ttywrch
</UL>
<BR>[Calls]<UL><LI><a href="#[1da]">&gt;&gt;</a>&nbsp;&nbsp;&nbsp;__rt_SIGABRT
<LI><a href="#[1d9]">&gt;&gt;</a>&nbsp;&nbsp;&nbsp;_sys_exit
<LI><a href="#[1d7]">&gt;&gt;</a>&nbsp;&nbsp;&nbsp;__rt_lib_shutdown
</UL>
<BR>[Called By]<UL><LI><a href="#[278]">&gt;&gt;</a>&nbsp;&nbsp;&nbsp;UartProtocolProcessor::handleAlarmReport(UartMessage const&)
<LI><a href="#[27d]">&gt;&gt;</a>&nbsp;&nbsp;&nbsp;std::__2::__throw_bad_function_call[abi:v16000]()
<LI><a href="#[27f]">&gt;&gt;</a>&nbsp;&nbsp;&nbsp;std::__throw_bad_array_new_length[abi:v16000]()
<LI><a href="#[281]">&gt;&gt;</a>&nbsp;&nbsp;&nbsp;std::__2::__next_prime(unsigned int)
<LI><a href="#[d3]">&gt;&gt;</a>&nbsp;&nbsp;&nbsp;USART1Driver::receive()
<LI><a href="#[286]">&gt;&gt;</a>&nbsp;&nbsp;&nbsp;abort_message
</UL>
<BR>[Address Reference Count : 1]<UL><LI> cxa_default_handlers.cpp.o(.data.__cxa_terminate_handler)
</UL>
<P><STRONG><a name="[1db]"></a>__cxa_atexit</STRONG> (Thumb, 10 bytes, Stack size 0 bytes, cxa_atexit.o(.text))
<BR><BR>[Stack]<UL><LI>Max Depth = 72<LI>Call Chain = __cxa_atexit &rArr; __aeabi_atexit &rArr; malloc &rArr; __Heap_Full &rArr; __Heap_ProvideMemory &rArr; free
</UL>
<BR>[Calls]<UL><LI><a href="#[1dc]">&gt;&gt;</a>&nbsp;&nbsp;&nbsp;__aeabi_atexit
</UL>
<BR>[Called By]<UL><LI><a href="#[25c]">&gt;&gt;</a>&nbsp;&nbsp;&nbsp;UartProtocolProcessor::getInstance()
<LI><a href="#[276]">&gt;&gt;</a>&nbsp;&nbsp;&nbsp;MessageBusProcessor::getInstance()
<LI><a href="#[24b]">&gt;&gt;</a>&nbsp;&nbsp;&nbsp;MessageBus::getInstance()
</UL>

<P><STRONG><a name="[1dd]"></a>__aeabi_memset</STRONG> (Thumb, 16 bytes, Stack size 0 bytes, aeabi_memset.o(.text))
<BR><BR>[Stack]<UL><LI>Max Depth = 4<LI>Call Chain = __aeabi_memset &rArr; _memset &rArr; _memset_w
</UL>
<BR>[Calls]<UL><LI><a href="#[1de]">&gt;&gt;</a>&nbsp;&nbsp;&nbsp;_memset
</UL>
<BR>[Called By]<UL><LI><a href="#[23b]">&gt;&gt;</a>&nbsp;&nbsp;&nbsp;xStreamBufferGenericCreateStatic
</UL>

<P><STRONG><a name="[1df]"></a>__aeabi_memset4</STRONG> (Thumb, 16 bytes, Stack size 0 bytes, aeabi_memset4.o(.text))
<BR><BR>[Stack]<UL><LI>Max Depth = 4<LI>Call Chain = __aeabi_memset4 &rArr; _memset_w
</UL>
<BR>[Calls]<UL><LI><a href="#[1e0]">&gt;&gt;</a>&nbsp;&nbsp;&nbsp;_memset_w
</UL>
<BR>[Called By]<UL><LI><a href="#[2ac]">&gt;&gt;</a>&nbsp;&nbsp;&nbsp;prvInitialiseNewTask
</UL>

<P><STRONG><a name="[301]"></a>__aeabi_memset8</STRONG> (Thumb, 0 bytes, Stack size 0 bytes, aeabi_memset4.o(.text), UNUSED)

<P><STRONG><a name="[302]"></a>__use_no_heap</STRONG> (Thumb, 2 bytes, Stack size 0 bytes, hguard.o(.text), UNUSED)

<P><STRONG><a name="[303]"></a>__heap$guard</STRONG> (Thumb, 2 bytes, Stack size 0 bytes, hguard.o(.text), UNUSED)

<P><STRONG><a name="[1e1]"></a>malloc</STRONG> (Thumb, 94 bytes, Stack size 16 bytes, h1_alloc.o(.text))
<BR><BR>[Stack]<UL><LI>Max Depth = 48<LI>Call Chain = malloc &rArr; __Heap_Full &rArr; __Heap_ProvideMemory &rArr; free
</UL>
<BR>[Calls]<UL><LI><a href="#[1e3]">&gt;&gt;</a>&nbsp;&nbsp;&nbsp;__Heap_Full
<LI><a href="#[1e2]">&gt;&gt;</a>&nbsp;&nbsp;&nbsp;__rt_heap_descriptor
</UL>
<BR>[Called By]<UL><LI><a href="#[274]">&gt;&gt;</a>&nbsp;&nbsp;&nbsp;operator new(unsigned int)
<LI><a href="#[28b]">&gt;&gt;</a>&nbsp;&nbsp;&nbsp;btask_creat_ms
<LI><a href="#[1dc]">&gt;&gt;</a>&nbsp;&nbsp;&nbsp;__aeabi_atexit
</UL>

<P><STRONG><a name="[1e4]"></a>free</STRONG> (Thumb, 78 bytes, Stack size 16 bytes, h1_free.o(.text))
<BR><BR>[Stack]<UL><LI>Max Depth = 16<LI>Call Chain = free
</UL>
<BR>[Calls]<UL><LI><a href="#[1e2]">&gt;&gt;</a>&nbsp;&nbsp;&nbsp;__rt_heap_descriptor
</UL>
<BR>[Called By]<UL><LI><a href="#[287]">&gt;&gt;</a>&nbsp;&nbsp;&nbsp;operator delete(void*)
<LI><a href="#[28c]">&gt;&gt;</a>&nbsp;&nbsp;&nbsp;btask_del
<LI><a href="#[1ce]">&gt;&gt;</a>&nbsp;&nbsp;&nbsp;__cxa_finalize
<LI><a href="#[1eb]">&gt;&gt;</a>&nbsp;&nbsp;&nbsp;__Heap_ProvideMemory
</UL>

<P><STRONG><a name="[251]"></a>__aeabi_uldivmod</STRONG> (Thumb, 0 bytes, Stack size 48 bytes, lludivv7m.o(.text))
<BR><BR>[Stack]<UL><LI>Max Depth = 48<LI>Call Chain = __aeabi_uldivmod
</UL>
<BR>[Called By]<UL><LI><a href="#[250]">&gt;&gt;</a>&nbsp;&nbsp;&nbsp;USART_SetBaudrate
</UL>

<P><STRONG><a name="[304]"></a>_ll_udiv</STRONG> (Thumb, 240 bytes, Stack size 48 bytes, lludivv7m.o(.text), UNUSED)

<P><STRONG><a name="[1f0]"></a>_printf_str</STRONG> (Thumb, 82 bytes, Stack size 16 bytes, _printf_str.o(.text))
<BR><BR>[Stack]<UL><LI>Max Depth = 16<LI>Call Chain = _printf_str
</UL>
<BR>[Called By]<UL><LI><a href="#[1ef]">&gt;&gt;</a>&nbsp;&nbsp;&nbsp;_printf_cs_common
</UL>

<P><STRONG><a name="[1c6]"></a>_printf_int_dec</STRONG> (Thumb, 104 bytes, Stack size 24 bytes, _printf_dec.o(.text))
<BR><BR>[Stack]<UL><LI>Max Depth = 56<LI>Call Chain = _printf_int_dec &rArr; _printf_int_common
</UL>
<BR>[Calls]<UL><LI><a href="#[1e5]">&gt;&gt;</a>&nbsp;&nbsp;&nbsp;_printf_int_common
</UL>
<BR>[Called By]<UL><LI><a href="#[1c5]">&gt;&gt;</a>&nbsp;&nbsp;&nbsp;_printf_u
</UL>

<P><STRONG><a name="[1e9]"></a>__aeabi_memcpy</STRONG> (Thumb, 0 bytes, Stack size 0 bytes, rt_memcpy_v6.o(.text))
<BR><BR>[Called By]<UL><LI><a href="#[2b8]">&gt;&gt;</a>&nbsp;&nbsp;&nbsp;prvWriteMessageToBuffer
<LI><a href="#[2af]">&gt;&gt;</a>&nbsp;&nbsp;&nbsp;prvNotifyQueueSetContainer
<LI><a href="#[278]">&gt;&gt;</a>&nbsp;&nbsp;&nbsp;UartProtocolProcessor::handleAlarmReport(UartMessage const&)
<LI><a href="#[25d]">&gt;&gt;</a>&nbsp;&nbsp;&nbsp;UartProtocolProcessor::parseAndExecute(unsigned char const*, unsigned int)
<LI><a href="#[265]">&gt;&gt;</a>&nbsp;&nbsp;&nbsp;xQueueReceive
<LI><a href="#[263]">&gt;&gt;</a>&nbsp;&nbsp;&nbsp;xQueueGenericSendFromISR
<LI><a href="#[267]">&gt;&gt;</a>&nbsp;&nbsp;&nbsp;xQueueGenericSend
<LI><a href="#[d3]">&gt;&gt;</a>&nbsp;&nbsp;&nbsp;USART1Driver::receive()
<LI><a href="#[270]">&gt;&gt;</a>&nbsp;&nbsp;&nbsp;xStreamBufferReceive
<LI><a href="#[1e8]">&gt;&gt;</a>&nbsp;&nbsp;&nbsp;__rt_memmove
</UL>

<P><STRONG><a name="[1e6]"></a>__rt_memcpy</STRONG> (Thumb, 138 bytes, Stack size 0 bytes, rt_memcpy_v6.o(.text), UNUSED)
<BR><BR>[Calls]<UL><LI><a href="#[1e7]">&gt;&gt;</a>&nbsp;&nbsp;&nbsp;__aeabi_memcpy4
</UL>

<P><STRONG><a name="[305]"></a>_memcpy_lastbytes</STRONG> (Thumb, 0 bytes, Stack size unknown bytes, rt_memcpy_v6.o(.text), UNUSED)

<P><STRONG><a name="[279]"></a>__aeabi_memmove</STRONG> (Thumb, 0 bytes, Stack size 0 bytes, rt_memmove_v6.o(.text))
<BR><BR>[Called By]<UL><LI><a href="#[278]">&gt;&gt;</a>&nbsp;&nbsp;&nbsp;UartProtocolProcessor::handleAlarmReport(UartMessage const&)
</UL>

<P><STRONG><a name="[1e8]"></a>__rt_memmove</STRONG> (Thumb, 132 bytes, Stack size 0 bytes, rt_memmove_v6.o(.text), UNUSED)
<BR><BR>[Calls]<UL><LI><a href="#[1e9]">&gt;&gt;</a>&nbsp;&nbsp;&nbsp;__aeabi_memcpy
<LI><a href="#[1ea]">&gt;&gt;</a>&nbsp;&nbsp;&nbsp;__memmove_aligned
</UL>

<P><STRONG><a name="[306]"></a>__memmove_lastfew</STRONG> (Thumb, 0 bytes, Stack size unknown bytes, rt_memmove_v6.o(.text), UNUSED)

<P><STRONG><a name="[24a]"></a>__aeabi_memclr</STRONG> (Thumb, 0 bytes, Stack size unknown bytes, rt_memclr.o(.text))
<BR><BR>[Called By]<UL><LI><a href="#[2bb]">&gt;&gt;</a>&nbsp;&nbsp;&nbsp;xTaskCreateStatic
<LI><a href="#[248]">&gt;&gt;</a>&nbsp;&nbsp;&nbsp;USART1_ProcessReceivedData
<LI><a href="#[23b]">&gt;&gt;</a>&nbsp;&nbsp;&nbsp;xStreamBufferGenericCreateStatic
<LI><a href="#[2a5]">&gt;&gt;</a>&nbsp;&nbsp;&nbsp;vTaskStartScheduler
<LI><a href="#[2a4]">&gt;&gt;</a>&nbsp;&nbsp;&nbsp;xTaskCreate
</UL>

<P><STRONG><a name="[307]"></a>__rt_memclr</STRONG> (Thumb, 0 bytes, Stack size unknown bytes, rt_memclr.o(.text), UNUSED)

<P><STRONG><a name="[1de]"></a>_memset</STRONG> (Thumb, 64 bytes, Stack size 0 bytes, rt_memclr.o(.text))
<BR><BR>[Stack]<UL><LI>Max Depth = 4<LI>Call Chain = _memset &rArr; _memset_w
</UL>
<BR>[Calls]<UL><LI><a href="#[1e0]">&gt;&gt;</a>&nbsp;&nbsp;&nbsp;_memset_w
</UL>
<BR>[Called By]<UL><LI><a href="#[1dd]">&gt;&gt;</a>&nbsp;&nbsp;&nbsp;__aeabi_memset
</UL>

<P><STRONG><a name="[273]"></a>__aeabi_memclr4</STRONG> (Thumb, 0 bytes, Stack size unknown bytes, rt_memclr_w.o(.text))
<BR><BR>[Called By]<UL><LI><a href="#[d2]">&gt;&gt;</a>&nbsp;&nbsp;&nbsp;USART1Driver::send()
</UL>

<P><STRONG><a name="[308]"></a>__aeabi_memclr8</STRONG> (Thumb, 0 bytes, Stack size unknown bytes, rt_memclr_w.o(.text), UNUSED)

<P><STRONG><a name="[309]"></a>__rt_memclr_w</STRONG> (Thumb, 0 bytes, Stack size unknown bytes, rt_memclr_w.o(.text), UNUSED)

<P><STRONG><a name="[1e0]"></a>_memset_w</STRONG> (Thumb, 74 bytes, Stack size 4 bytes, rt_memclr_w.o(.text))
<BR><BR>[Stack]<UL><LI>Max Depth = 4<LI>Call Chain = _memset_w
</UL>
<BR>[Called By]<UL><LI><a href="#[1de]">&gt;&gt;</a>&nbsp;&nbsp;&nbsp;_memset
<LI><a href="#[1df]">&gt;&gt;</a>&nbsp;&nbsp;&nbsp;__aeabi_memset4
</UL>

<P><STRONG><a name="[28d]"></a>strcmp</STRONG> (Thumb, 124 bytes, Stack size 8 bytes, strcmpv7em.o(.text))
<BR><BR>[Stack]<UL><LI>Max Depth = 8<LI>Call Chain = strcmp
</UL>
<BR>[Called By]<UL><LI><a href="#[28c]">&gt;&gt;</a>&nbsp;&nbsp;&nbsp;btask_del
</UL>

<P><STRONG><a name="[30a]"></a>__use_two_region_memory</STRONG> (Thumb, 2 bytes, Stack size 0 bytes, heapauxi.o(.text), UNUSED)

<P><STRONG><a name="[30b]"></a>__rt_heap_escrow</STRONG> (Thumb, 2 bytes, Stack size 0 bytes, heapauxi.o(.text), UNUSED)

<P><STRONG><a name="[30c]"></a>__rt_heap_expand</STRONG> (Thumb, 2 bytes, Stack size 0 bytes, heapauxi.o(.text), UNUSED)

<P><STRONG><a name="[1d9]"></a>_sys_exit</STRONG> (Thumb, 8 bytes, Stack size 0 bytes, sys_exit.o(.text))
<BR><BR>[Called By]<UL><LI><a href="#[dd]">&gt;&gt;</a>&nbsp;&nbsp;&nbsp;abort
<LI><a href="#[1f4]">&gt;&gt;</a>&nbsp;&nbsp;&nbsp;__sig_exit
<LI><a href="#[1d8]">&gt;&gt;</a>&nbsp;&nbsp;&nbsp;__rt_exit_exit
</UL>

<P><STRONG><a name="[1e2]"></a>__rt_heap_descriptor</STRONG> (Thumb, 8 bytes, Stack size 0 bytes, rt_heap_descriptor_intlibspace.o(.text))
<BR><BR>[Called By]<UL><LI><a href="#[1e4]">&gt;&gt;</a>&nbsp;&nbsp;&nbsp;free
<LI><a href="#[1e1]">&gt;&gt;</a>&nbsp;&nbsp;&nbsp;malloc
<LI><a href="#[1cc]">&gt;&gt;</a>&nbsp;&nbsp;&nbsp;_init_alloc
</UL>

<P><STRONG><a name="[30d]"></a>_terminate_user_alloc</STRONG> (Thumb, 2 bytes, Stack size 0 bytes, init_alloc.o(.text), UNUSED)

<P><STRONG><a name="[30e]"></a>_init_user_alloc</STRONG> (Thumb, 2 bytes, Stack size 0 bytes, init_alloc.o(.text), UNUSED)

<P><STRONG><a name="[1e3]"></a>__Heap_Full</STRONG> (Thumb, 34 bytes, Stack size 16 bytes, init_alloc.o(.text))
<BR><BR>[Stack]<UL><LI>Max Depth = 32<LI>Call Chain = __Heap_Full &rArr; __Heap_ProvideMemory &rArr; free
</UL>
<BR>[Calls]<UL><LI><a href="#[1eb]">&gt;&gt;</a>&nbsp;&nbsp;&nbsp;__Heap_ProvideMemory
</UL>
<BR>[Called By]<UL><LI><a href="#[1e1]">&gt;&gt;</a>&nbsp;&nbsp;&nbsp;malloc
</UL>

<P><STRONG><a name="[1ec]"></a>__Heap_Broken</STRONG> (Thumb, 6 bytes, Stack size 0 bytes, init_alloc.o(.text), UNUSED)
<BR><BR>[Calls]<UL><LI><a href="#[1ed]">&gt;&gt;</a>&nbsp;&nbsp;&nbsp;__rt_SIGRTMEM
</UL>

<P><STRONG><a name="[1cc]"></a>_init_alloc</STRONG> (Thumb, 94 bytes, Stack size 24 bytes, init_alloc.o(.text))
<BR><BR>[Stack]<UL><LI>Max Depth = 64<LI>Call Chain = _init_alloc &rArr; __rt_SIGRTMEM &rArr; __rt_SIGRTMEM_inner &rArr; __default_signal_display &rArr; _ttywrch
</UL>
<BR>[Calls]<UL><LI><a href="#[1ed]">&gt;&gt;</a>&nbsp;&nbsp;&nbsp;__rt_SIGRTMEM
<LI><a href="#[1eb]">&gt;&gt;</a>&nbsp;&nbsp;&nbsp;__Heap_ProvideMemory
<LI><a href="#[1ee]">&gt;&gt;</a>&nbsp;&nbsp;&nbsp;__Heap_Initialize
<LI><a href="#[1e2]">&gt;&gt;</a>&nbsp;&nbsp;&nbsp;__rt_heap_descriptor
</UL>
<BR>[Called By]<UL><LI><a href="#[1cb]">&gt;&gt;</a>&nbsp;&nbsp;&nbsp;__rt_lib_init_heap_2
</UL>

<P><STRONG><a name="[1ee]"></a>__Heap_Initialize</STRONG> (Thumb, 10 bytes, Stack size 0 bytes, h1_init.o(.text))
<BR><BR>[Called By]<UL><LI><a href="#[1cc]">&gt;&gt;</a>&nbsp;&nbsp;&nbsp;_init_alloc
</UL>

<P><STRONG><a name="[30f]"></a>__Heap_DescSize</STRONG> (Thumb, 4 bytes, Stack size 0 bytes, h1_init.o(.text), UNUSED)

<P><STRONG><a name="[1e5]"></a>_printf_int_common</STRONG> (Thumb, 178 bytes, Stack size 32 bytes, _printf_intcommon.o(.text))
<BR><BR>[Stack]<UL><LI>Max Depth = 32<LI>Call Chain = _printf_int_common
</UL>
<BR>[Called By]<UL><LI><a href="#[1c6]">&gt;&gt;</a>&nbsp;&nbsp;&nbsp;_printf_int_dec
</UL>

<P><STRONG><a name="[1ef]"></a>_printf_cs_common</STRONG> (Thumb, 20 bytes, Stack size 8 bytes, _printf_char.o(.text))
<BR><BR>[Stack]<UL><LI>Max Depth = 24<LI>Call Chain = _printf_cs_common &rArr; _printf_str
</UL>
<BR>[Calls]<UL><LI><a href="#[1f0]">&gt;&gt;</a>&nbsp;&nbsp;&nbsp;_printf_str
</UL>
<BR>[Called By]<UL><LI><a href="#[1f1]">&gt;&gt;</a>&nbsp;&nbsp;&nbsp;_printf_string
<LI><a href="#[1c8]">&gt;&gt;</a>&nbsp;&nbsp;&nbsp;_printf_char
</UL>

<P><STRONG><a name="[1c8]"></a>_printf_char</STRONG> (Thumb, 16 bytes, Stack size 0 bytes, _printf_char.o(.text))
<BR><BR>[Stack]<UL><LI>Max Depth = 24<LI>Call Chain = _printf_char &rArr; _printf_cs_common &rArr; _printf_str
</UL>
<BR>[Calls]<UL><LI><a href="#[1ef]">&gt;&gt;</a>&nbsp;&nbsp;&nbsp;_printf_cs_common
</UL>
<BR>[Called By]<UL><LI><a href="#[1c7]">&gt;&gt;</a>&nbsp;&nbsp;&nbsp;_printf_c
</UL>

<P><STRONG><a name="[1f1]"></a>_printf_string</STRONG> (Thumb, 8 bytes, Stack size 0 bytes, _printf_char.o(.text), UNUSED)
<BR><BR>[Calls]<UL><LI><a href="#[1ef]">&gt;&gt;</a>&nbsp;&nbsp;&nbsp;_printf_cs_common
</UL>

<P><STRONG><a name="[1dc]"></a>__aeabi_atexit</STRONG> (Thumb, 46 bytes, Stack size 24 bytes, aeabi_atexit.o(.text))
<BR><BR>[Stack]<UL><LI>Max Depth = 72<LI>Call Chain = __aeabi_atexit &rArr; malloc &rArr; __Heap_Full &rArr; __Heap_ProvideMemory &rArr; free
</UL>
<BR>[Calls]<UL><LI><a href="#[1e1]">&gt;&gt;</a>&nbsp;&nbsp;&nbsp;malloc
<LI><a href="#[1f2]">&gt;&gt;</a>&nbsp;&nbsp;&nbsp;__rt_ddtor_pointer_addr
</UL>
<BR>[Called By]<UL><LI><a href="#[1db]">&gt;&gt;</a>&nbsp;&nbsp;&nbsp;__cxa_atexit
</UL>

<P><STRONG><a name="[1da]"></a>__rt_SIGABRT</STRONG> (Thumb, 14 bytes, Stack size 8 bytes, defsig_abrt_outer.o(.text))
<BR><BR>[Stack]<UL><LI>Max Depth = 40<LI>Call Chain = __rt_SIGABRT &rArr; __rt_SIGABRT_inner &rArr; __default_signal_display &rArr; _ttywrch
</UL>
<BR>[Calls]<UL><LI><a href="#[1f3]">&gt;&gt;</a>&nbsp;&nbsp;&nbsp;__rt_SIGABRT_inner
<LI><a href="#[1f4]">&gt;&gt;</a>&nbsp;&nbsp;&nbsp;__sig_exit
</UL>
<BR>[Called By]<UL><LI><a href="#[dd]">&gt;&gt;</a>&nbsp;&nbsp;&nbsp;abort
</UL>

<P><STRONG><a name="[1e7]"></a>__aeabi_memcpy4</STRONG> (Thumb, 0 bytes, Stack size 8 bytes, rt_memcpy_w.o(.text), UNUSED)
<BR><BR>[Called By]<UL><LI><a href="#[1e6]">&gt;&gt;</a>&nbsp;&nbsp;&nbsp;__rt_memcpy
<LI><a href="#[1f5]">&gt;&gt;</a>&nbsp;&nbsp;&nbsp;__rt_memmove_w
</UL>

<P><STRONG><a name="[310]"></a>__aeabi_memcpy8</STRONG> (Thumb, 0 bytes, Stack size 8 bytes, rt_memcpy_w.o(.text), UNUSED)

<P><STRONG><a name="[311]"></a>__rt_memcpy_w</STRONG> (Thumb, 100 bytes, Stack size 8 bytes, rt_memcpy_w.o(.text), UNUSED)

<P><STRONG><a name="[312]"></a>_memcpy_lastbytes_aligned</STRONG> (Thumb, 0 bytes, Stack size unknown bytes, rt_memcpy_w.o(.text), UNUSED)

<P><STRONG><a name="[313]"></a>__aeabi_memmove4</STRONG> (Thumb, 0 bytes, Stack size 8 bytes, rt_memmove_w.o(.text), UNUSED)

<P><STRONG><a name="[314]"></a>__aeabi_memmove8</STRONG> (Thumb, 0 bytes, Stack size 8 bytes, rt_memmove_w.o(.text), UNUSED)

<P><STRONG><a name="[1f5]"></a>__rt_memmove_w</STRONG> (Thumb, 122 bytes, Stack size 8 bytes, rt_memmove_w.o(.text), UNUSED)
<BR><BR>[Calls]<UL><LI><a href="#[1e7]">&gt;&gt;</a>&nbsp;&nbsp;&nbsp;__aeabi_memcpy4
</UL>

<P><STRONG><a name="[1ea]"></a>__memmove_aligned</STRONG> (Thumb, 0 bytes, Stack size unknown bytes, rt_memmove_w.o(.text), UNUSED)
<BR><BR>[Called By]<UL><LI><a href="#[1e8]">&gt;&gt;</a>&nbsp;&nbsp;&nbsp;__rt_memmove
</UL>

<P><STRONG><a name="[315]"></a>__memmove_lastfew_aligned</STRONG> (Thumb, 0 bytes, Stack size unknown bytes, rt_memmove_w.o(.text), UNUSED)

<P><STRONG><a name="[316]"></a>__user_libspace</STRONG> (Thumb, 8 bytes, Stack size 0 bytes, libspace.o(.text), UNUSED)

<P><STRONG><a name="[1f8]"></a>__user_perproc_libspace</STRONG> (Thumb, 0 bytes, Stack size 0 bytes, libspace.o(.text))
<BR><BR>[Called By]<UL><LI><a href="#[1d0]">&gt;&gt;</a>&nbsp;&nbsp;&nbsp;__user_setup_stackheap
</UL>

<P><STRONG><a name="[317]"></a>__user_perthread_libspace</STRONG> (Thumb, 0 bytes, Stack size 0 bytes, libspace.o(.text), UNUSED)

<P><STRONG><a name="[318]"></a>__I$use$semihosting</STRONG> (Thumb, 0 bytes, Stack size 0 bytes, use_no_semi.o(.text), UNUSED)

<P><STRONG><a name="[319]"></a>__use_no_semihosting_swi</STRONG> (Thumb, 2 bytes, Stack size 0 bytes, use_no_semi.o(.text), UNUSED)

<P><STRONG><a name="[31a]"></a>__semihosting_library_function</STRONG> (Thumb, 0 bytes, Stack size unknown bytes, indicate_semi.o(.text), UNUSED)

<P><STRONG><a name="[1f2]"></a>__rt_ddtor_pointer_addr</STRONG> (Thumb, 8 bytes, Stack size 0 bytes, rt_ddtor_pointer_addr_intlibspace.o(.text))
<BR><BR>[Called By]<UL><LI><a href="#[1ce]">&gt;&gt;</a>&nbsp;&nbsp;&nbsp;__cxa_finalize
<LI><a href="#[1dc]">&gt;&gt;</a>&nbsp;&nbsp;&nbsp;__aeabi_atexit
</UL>

<P><STRONG><a name="[1eb]"></a>__Heap_ProvideMemory</STRONG> (Thumb, 52 bytes, Stack size 0 bytes, h1_extend.o(.text))
<BR><BR>[Stack]<UL><LI>Max Depth = 16<LI>Call Chain = __Heap_ProvideMemory &rArr; free
</UL>
<BR>[Calls]<UL><LI><a href="#[1e4]">&gt;&gt;</a>&nbsp;&nbsp;&nbsp;free
</UL>
<BR>[Called By]<UL><LI><a href="#[1cc]">&gt;&gt;</a>&nbsp;&nbsp;&nbsp;_init_alloc
<LI><a href="#[1e3]">&gt;&gt;</a>&nbsp;&nbsp;&nbsp;__Heap_Full
</UL>

<P><STRONG><a name="[31b]"></a>_maybe_terminate_alloc</STRONG> (Thumb, 0 bytes, Stack size 0 bytes, maybetermalloc1.o(.text), UNUSED)

<P><STRONG><a name="[1ce]"></a>__cxa_finalize</STRONG> (Thumb, 66 bytes, Stack size 24 bytes, cxa_finalize.o(.text))
<BR><BR>[Stack]<UL><LI>Max Depth = 40<LI>Call Chain = __cxa_finalize &rArr; free
</UL>
<BR>[Calls]<UL><LI><a href="#[1e4]">&gt;&gt;</a>&nbsp;&nbsp;&nbsp;free
<LI><a href="#[1f2]">&gt;&gt;</a>&nbsp;&nbsp;&nbsp;__rt_ddtor_pointer_addr
</UL>
<BR>[Called By]<UL><LI><a href="#[1cd]">&gt;&gt;</a>&nbsp;&nbsp;&nbsp;__rt_lib_shutdown_cpp_2
</UL>

<P><STRONG><a name="[1f4]"></a>__sig_exit</STRONG> (Thumb, 10 bytes, Stack size 0 bytes, defsig_exit.o(.text))
<BR><BR>[Calls]<UL><LI><a href="#[1d9]">&gt;&gt;</a>&nbsp;&nbsp;&nbsp;_sys_exit
</UL>
<BR>[Called By]<UL><LI><a href="#[1ed]">&gt;&gt;</a>&nbsp;&nbsp;&nbsp;__rt_SIGRTMEM
<LI><a href="#[1da]">&gt;&gt;</a>&nbsp;&nbsp;&nbsp;__rt_SIGABRT
</UL>

<P><STRONG><a name="[1f3]"></a>__rt_SIGABRT_inner</STRONG> (Thumb, 14 bytes, Stack size 8 bytes, defsig_abrt_inner.o(.text))
<BR><BR>[Stack]<UL><LI>Max Depth = 32<LI>Call Chain = __rt_SIGABRT_inner &rArr; __default_signal_display &rArr; _ttywrch
</UL>
<BR>[Calls]<UL><LI><a href="#[1f6]">&gt;&gt;</a>&nbsp;&nbsp;&nbsp;__default_signal_display
</UL>
<BR>[Called By]<UL><LI><a href="#[1da]">&gt;&gt;</a>&nbsp;&nbsp;&nbsp;__rt_SIGABRT
</UL>

<P><STRONG><a name="[1ed]"></a>__rt_SIGRTMEM</STRONG> (Thumb, 14 bytes, Stack size 8 bytes, defsig_rtmem_outer.o(.text))
<BR><BR>[Stack]<UL><LI>Max Depth = 40<LI>Call Chain = __rt_SIGRTMEM &rArr; __rt_SIGRTMEM_inner &rArr; __default_signal_display &rArr; _ttywrch
</UL>
<BR>[Calls]<UL><LI><a href="#[1f7]">&gt;&gt;</a>&nbsp;&nbsp;&nbsp;__rt_SIGRTMEM_inner
<LI><a href="#[1f4]">&gt;&gt;</a>&nbsp;&nbsp;&nbsp;__sig_exit
</UL>
<BR>[Called By]<UL><LI><a href="#[1cc]">&gt;&gt;</a>&nbsp;&nbsp;&nbsp;_init_alloc
<LI><a href="#[1ec]">&gt;&gt;</a>&nbsp;&nbsp;&nbsp;__Heap_Broken
</UL>

<P><STRONG><a name="[1d0]"></a>__user_setup_stackheap</STRONG> (Thumb, 74 bytes, Stack size 8 bytes, sys_stackheap_outer.o(.text))
<BR><BR>[Stack]<UL><LI>Max Depth = 8 + Unknown Stack Size
<LI>Call Chain = __user_setup_stackheap
</UL>
<BR>[Calls]<UL><LI><a href="#[df]">&gt;&gt;</a>&nbsp;&nbsp;&nbsp;__user_initial_stackheap
<LI><a href="#[1f8]">&gt;&gt;</a>&nbsp;&nbsp;&nbsp;__user_perproc_libspace
</UL>
<BR>[Called By]<UL><LI><a href="#[1cf]">&gt;&gt;</a>&nbsp;&nbsp;&nbsp;__rt_entry_sh
</UL>

<P><STRONG><a name="[1d5]"></a>exit</STRONG> (Thumb, 18 bytes, Stack size 8 bytes, exit.o(.text))
<BR><BR>[Stack]<UL><LI>Max Depth = 8 + Unknown Stack Size
<LI>Call Chain = exit
</UL>
<BR>[Calls]<UL><LI><a href="#[1f9]">&gt;&gt;</a>&nbsp;&nbsp;&nbsp;__rt_exit
</UL>
<BR>[Called By]<UL><LI><a href="#[1d3]">&gt;&gt;</a>&nbsp;&nbsp;&nbsp;__rt_entry_main
</UL>

<P><STRONG><a name="[1f6]"></a>__default_signal_display</STRONG> (Thumb, 50 bytes, Stack size 16 bytes, defsig_general.o(.text))
<BR><BR>[Stack]<UL><LI>Max Depth = 24<LI>Call Chain = __default_signal_display &rArr; _ttywrch
</UL>
<BR>[Calls]<UL><LI><a href="#[1fa]">&gt;&gt;</a>&nbsp;&nbsp;&nbsp;_ttywrch
</UL>
<BR>[Called By]<UL><LI><a href="#[1f7]">&gt;&gt;</a>&nbsp;&nbsp;&nbsp;__rt_SIGRTMEM_inner
<LI><a href="#[1f3]">&gt;&gt;</a>&nbsp;&nbsp;&nbsp;__rt_SIGABRT_inner
</UL>

<P><STRONG><a name="[1f7]"></a>__rt_SIGRTMEM_inner</STRONG> (Thumb, 22 bytes, Stack size 8 bytes, defsig_rtmem_inner.o(.text))
<BR><BR>[Stack]<UL><LI>Max Depth = 32<LI>Call Chain = __rt_SIGRTMEM_inner &rArr; __default_signal_display &rArr; _ttywrch
</UL>
<BR>[Calls]<UL><LI><a href="#[1f6]">&gt;&gt;</a>&nbsp;&nbsp;&nbsp;__default_signal_display
</UL>
<BR>[Called By]<UL><LI><a href="#[1ed]">&gt;&gt;</a>&nbsp;&nbsp;&nbsp;__rt_SIGRTMEM
</UL>

<P><STRONG><a name="[1fa]"></a>_ttywrch</STRONG> (Thumb, 14 bytes, Stack size 8 bytes, sys_wrch.o(.text))
<BR><BR>[Stack]<UL><LI>Max Depth = 8<LI>Call Chain = _ttywrch
</UL>
<BR>[Called By]<UL><LI><a href="#[1f6]">&gt;&gt;</a>&nbsp;&nbsp;&nbsp;__default_signal_display
</UL>

<P><STRONG><a name="[1b3]"></a>ADC1_ChCmp_IrqHandler</STRONG> (Thumb, 2 bytes, Stack size 0 bytes, hc32f460_ll_interrupts_share.o(.text.ADC1_ChCmp_IrqHandler))
<BR><BR>[Called By]<UL><LI><a href="#[98]">&gt;&gt;</a>&nbsp;&nbsp;&nbsp;IRQ142_Handler
</UL>

<P><STRONG><a name="[1b1]"></a>ADC1_SeqA_IrqHandler</STRONG> (Thumb, 2 bytes, Stack size 0 bytes, hc32f460_ll_interrupts_share.o(.text.ADC1_SeqA_IrqHandler))
<BR><BR>[Called By]<UL><LI><a href="#[98]">&gt;&gt;</a>&nbsp;&nbsp;&nbsp;IRQ142_Handler
</UL>

<P><STRONG><a name="[1b2]"></a>ADC1_SeqB_IrqHandler</STRONG> (Thumb, 2 bytes, Stack size 0 bytes, hc32f460_ll_interrupts_share.o(.text.ADC1_SeqB_IrqHandler))
<BR><BR>[Called By]<UL><LI><a href="#[98]">&gt;&gt;</a>&nbsp;&nbsp;&nbsp;IRQ142_Handler
</UL>

[...]
</UL>
<BR>[Calls]<UL><LI><a href="#[218]">&gt;&gt;</a>&nbsp;&nbsp;&nbsp;DMA_GetTransCount
<LI><a href="#[219]">&gt;&gt;</a>&nbsp;&nbsp;&nbsp;DMA_Init
<LI><a href="#[241]">&gt;&gt;</a>&nbsp;&nbsp;&nbsp;DMA_StructInit
<LI><a href="#[24d]">&gt;&gt;</a>&nbsp;&nbsp;&nbsp;USART_ClearStatus
<LI><a href="#[234]">&gt;&gt;</a>&nbsp;&nbsp;&nbsp;TMR0_Stop
<LI><a href="#[248]">&gt;&gt;</a>&nbsp;&nbsp;&nbsp;USART1_ProcessReceivedData
<LI><a href="#[242]">&gt;&gt;</a>&nbsp;&nbsp;&nbsp;USART1_GetDmaBufferSize
<LI><a href="#[238]">&gt;&gt;</a>&nbsp;&nbsp;&nbsp;USART1_GetDmaBufferPtr
</UL>
<BR>[Address Reference Count : 1]<UL><LI> usart1config.o(.text.USART1_Init)
</UL>
<P><STRONG><a name="[be]"></a>BEAT_TMRA_IRQHandler</STRONG> (Thumb, 64 bytes, Stack size 8 bytes, beattaskconfig.o(.text.BEAT_TMRA_IRQHandler))
<BR><BR>[Stack]<UL><LI>Max Depth = 24<LI>Call Chain = BEAT_TMRA_IRQHandler &rArr; TMRA_ClearStatus
</UL>
<BR>[Calls]<UL><LI><a href="#[1fd]">&gt;&gt;</a>&nbsp;&nbsp;&nbsp;TMRA_ClearStatus
<LI><a href="#[1fc]">&gt;&gt;</a>&nbsp;&nbsp;&nbsp;TMRA_GetStatus
<LI><a href="#[1fe]">&gt;&gt;</a>&nbsp;&nbsp;&nbsp;btask_tick_inc
</UL>
<BR>[Address Reference Count : 1]<UL><LI> beattaskconfig.o(.text.configureBeatTimer)
</UL>
<P><STRONG><a name="[c5]"></a>beatTaskHandlerFunction</STRONG> (Thumb, 34 bytes, Stack size 8 bytes, beattaskconfig.o(.text.beatTaskHandlerFunction))
<BR><BR>[Stack]<UL><LI>Max Depth = 100<LI>Call Chain = beatTaskHandlerFunction &rArr; xTaskDelayUntil &rArr; xTaskResumeAll &rArr; xTaskIncrementTick
</UL>
<BR>[Calls]<UL><LI><a href="#[28a]">&gt;&gt;</a>&nbsp;&nbsp;&nbsp;xTaskDelayUntil
<LI><a href="#[1c0]">&gt;&gt;</a>&nbsp;&nbsp;&nbsp;btask_handler
<LI><a href="#[289]">&gt;&gt;</a>&nbsp;&nbsp;&nbsp;xTaskGetTickCount
<LI><a href="#[261]">&gt;&gt;</a>&nbsp;&nbsp;&nbsp;vPortExitCritical
<LI><a href="#[25f]">&gt;&gt;</a>&nbsp;&nbsp;&nbsp;vPortEnterCritical
</UL>
<BR>[Address Reference Count : 1]<UL><LI> beattaskconfig.o(.text.registerBeatTaskMutex)
</UL>
<P><STRONG><a name="[ce]"></a>acquireBeatTaskMutex</STRONG> (Thumb, 24 bytes, Stack size 0 bytes, beattaskconfig.o(.text.acquireBeatTaskMutex))
<BR><BR>[Stack]<UL><LI>Max Depth = 120<LI>Call Chain = acquireBeatTaskMutex &rArr; xQueueSemaphoreTake &rArr; prvUnlockQueue &rArr; prvNotifyQueueSetContainer &rArr; xTaskPriorityDisinherit
</UL>
<BR>[Calls]<UL><LI><a href="#[271]">&gt;&gt;</a>&nbsp;&nbsp;&nbsp;xQueueSemaphoreTake
</UL>
<BR>[Address Reference Count : 1]<UL><LI> beattaskconfig.o(.rodata..L__const.registerBeatTaskMutex.mutexCallbacks)
</UL>
<P><STRONG><a name="[cf]"></a>releaseBeatTaskMutex</STRONG> (Thumb, 26 bytes, Stack size 0 bytes, beattaskconfig.o(.text.releaseBeatTaskMutex))
<BR><BR>[Stack]<UL><LI>Max Depth = 120<LI>Call Chain = releaseBeatTaskMutex &rArr; xQueueGenericSend &rArr; prvUnlockQueue &rArr; prvNotifyQueueSetContainer &rArr; xTaskPriorityDisinherit
</UL>
<BR>[Calls]<UL><LI><a href="#[267]">&gt;&gt;</a>&nbsp;&nbsp;&nbsp;xQueueGenericSend
</UL>
<BR>[Address Reference Count : 1]<UL><LI> beattaskconfig.o(.rodata..L__const.registerBeatTaskMutex.mutexCallbacks)
</UL>
<P><STRONG><a name="[bc]"></a>handleLedControl(SystemMessage const&)</STRONG> (Thumb, 50 bytes, Stack size 0 bytes, commoncontrol.o(.text._ZL16handleLedControlRK13SystemMessage))
<BR><BR>[Calls]<UL><LI><a href="#[25a]">&gt;&gt;</a>&nbsp;&nbsp;&nbsp;HAL_ledToggle
<LI><a href="#[25b]">&gt;&gt;</a>&nbsp;&nbsp;&nbsp;HAL_ledTurnOff
<LI><a href="#[259]">&gt;&gt;</a>&nbsp;&nbsp;&nbsp;HAL_ledTurnOn
</UL>
<BR>[Address Reference Count : 1]<UL><LI> commoncontrol.o(.text.commonControlTask)
</UL>
<P><STRONG><a name="[b3]"></a>void std::__2::__function::__policy_invoker&lang;void (UartMessage const&)&rang;::__call_impl&lang;std::__2::__function::__default_alloc_func&lang;UartProtocolProcessor::UartProtocolProcessor()::$_0, void (UartMessage const&)&rang;&rang;(std::__2::__function::__policy_storage const*, UartMessage const&)</STRONG> (Thumb, 4 bytes, Stack size 0 bytes, uartprotocolprocessor.o(.text._ZNSt3__210__function16__policy_invokerIFvRK11UartMessageEE11__call_implINS0_20__default_alloc_funcIZN21UartProtocolProcessorC1EvE3$_0S5_EEEEvPKNS0_16__policy_storageES4_))
<BR><BR>[Stack]<UL><LI>Max Depth = 216 + Unknown Stack Size
<LI>Call Chain = void std::__2::__function::__policy_invoker&lang;void (UartMessage const&)&rang;::__call_impl&lang;std::__2::__function::__default_alloc_func&lang;UartProtocolProcessor::UartProtocolProcessor()::$_0, void (UartMessage const&)&rang;&rang;(std::__2::__function::__policy_storage const*, UartMessage const&) &rArr; UartProtocolProcessor::handleAlarmReport(UartMessage const&) &rArr; USART1Driver::sendTxDataMessage(UartData) &rArr; MessageBus::publish(SystemMessage const&) &rArr; xQueueGenericSend &rArr; prvUnlockQueue &rArr; prvNotifyQueueSetContainer &rArr; xTaskPriorityDisinherit
</UL>
<BR>[Calls]<UL><LI><a href="#[278]">&gt;&gt;</a>&nbsp;&nbsp;&nbsp;UartProtocolProcessor::handleAlarmReport(UartMessage const&)
</UL>
<BR>[Address Reference Count : 1]<UL><LI> uartprotocolprocessor.o(.text._ZN21UartProtocolProcessorC2Ev)
</UL>
<P><STRONG><a name="[b4]"></a>void std::__2::__function::__policy_invoker&lang;void (UartMessage const&)&rang;::__call_impl&lang;std::__2::__function::__default_alloc_func&lang;UartProtocolProcessor::UartProtocolProcessor()::$_1, void (UartMessage const&)&rang;&rang;(std::__2::__function::__policy_storage const*, UartMessage const&)</STRONG> (Thumb, 2 bytes, Stack size 0 bytes, uartprotocolprocessor.o(.text._ZNSt3__210__function16__policy_invokerIFvRK11UartMessageEE11__call_implINS0_20__default_alloc_funcIZN21UartProtocolProcessorC1EvE3$_1S5_EEEEvPKNS0_16__policy_storageES4_))
<BR>[Address Reference Count : 1]<UL><LI> uartprotocolprocessor.o(.text._ZN21UartProtocolProcessorC2Ev)
</UL>
<P><STRONG><a name="[b5]"></a>void std::__2::__function::__policy_invoker&lang;void (UartMessage const&)&rang;::__call_impl&lang;std::__2::__function::__default_alloc_func&lang;UartProtocolProcessor::UartProtocolProcessor()::$_2, void (UartMessage const&)&rang;&rang;(std::__2::__function::__policy_storage const*, UartMessage const&)</STRONG> (Thumb, 2 bytes, Stack size 0 bytes, uartprotocolprocessor.o(.text._ZNSt3__210__function16__policy_invokerIFvRK11UartMessageEE11__call_implINS0_20__default_alloc_funcIZN21UartProtocolProcessorC1EvE3$_2S5_EEEEvPKNS0_16__policy_storageES4_))
<BR>[Address Reference Count : 1]<UL><LI> uartprotocolprocessor.o(.text._ZN21UartProtocolProcessorC2Ev)
</UL>
<P><STRONG><a name="[b6]"></a>void std::__2::__function::__policy_invoker&lang;void (UartMessage const&)&rang;::__call_impl&lang;std::__2::__function::__default_alloc_func&lang;UartProtocolProcessor::UartProtocolProcessor()::$_3, void (UartMessage const&)&rang;&rang;(std::__2::__function::__policy_storage const*, UartMessage const&)</STRONG> (Thumb, 2 bytes, Stack size 0 bytes, uartprotocolprocessor.o(.text._ZNSt3__210__function16__policy_invokerIFvRK11UartMessageEE11__call_implINS0_20__default_alloc_funcIZN21UartProtocolProcessorC1EvE3$_3S5_EEEEvPKNS0_16__policy_storageES4_))
<BR>[Address Reference Count : 1]<UL><LI> uartprotocolprocessor.o(.text._ZN21UartProtocolProcessorC2Ev)
</UL>
<P><STRONG><a name="[b7]"></a>void std::__2::__function::__policy_invoker&lang;void (UartMessage const&)&rang;::__call_impl&lang;std::__2::__function::__default_alloc_func&lang;UartProtocolProcessor::UartProtocolProcessor()::$_4, void (UartMessage const&)&rang;&rang;(std::__2::__function::__policy_storage const*, UartMessage const&)</STRONG> (Thumb, 2 bytes, Stack size 0 bytes, uartprotocolprocessor.o(.text._ZNSt3__210__function16__policy_invokerIFvRK11UartMessageEE11__call_implINS0_20__default_alloc_funcIZN21UartProtocolProcessorC1EvE3$_4S5_EEEEvPKNS0_16__policy_storageES4_))
<BR>[Address Reference Count : 1]<UL><LI> uartprotocolprocessor.o(.text._ZN21UartProtocolProcessorC2Ev)
</UL>
<P><STRONG><a name="[b8]"></a>void std::__2::__function::__policy_invoker&lang;void (UartMessage const&)&rang;::__call_impl&lang;std::__2::__function::__default_alloc_func&lang;UartProtocolProcessor::UartProtocolProcessor()::$_5, void (UartMessage const&)&rang;&rang;(std::__2::__function::__policy_storage const*, UartMessage const&)</STRONG> (Thumb, 2 bytes, Stack size 0 bytes, uartprotocolprocessor.o(.text._ZNSt3__210__function16__policy_invokerIFvRK11UartMessageEE11__call_implINS0_20__default_alloc_funcIZN21UartProtocolProcessorC1EvE3$_5S5_EEEEvPKNS0_16__policy_storageES4_))
<BR>[Address Reference Count : 1]<UL><LI> uartprotocolprocessor.o(.text._ZN21UartProtocolProcessorC2Ev)
</UL>
<P><STRONG><a name="[b9]"></a>void std::__2::__function::__policy_invoker&lang;void (UartMessage const&)&rang;::__call_impl&lang;std::__2::__function::__default_alloc_func&lang;UartProtocolProcessor::UartProtocolProcessor()::$_6, void (UartMessage const&)&rang;&rang;(std::__2::__function::__policy_storage const*, UartMessage const&)</STRONG> (Thumb, 2 bytes, Stack size 0 bytes, uartprotocolprocessor.o(.text._ZNSt3__210__function16__policy_invokerIFvRK11UartMessageEE11__call_implINS0_20__default_alloc_funcIZN21UartProtocolProcessorC1EvE3$_6S5_EEEEvPKNS0_16__policy_storageES4_))
<BR>[Address Reference Count : 1]<UL><LI> uartprotocolprocessor.o(.text._ZN21UartProtocolProcessorC2Ev)
</UL>
<P><STRONG><a name="[ba]"></a>void std::__2::__function::__policy_invoker&lang;void (UartMessage const&)&rang;::__call_impl&lang;std::__2::__function::__default_alloc_func&lang;UartProtocolProcessor::UartProtocolProcessor()::$_7, void (UartMessage const&)&rang;&rang;(std::__2::__function::__policy_storage const*, UartMessage const&)</STRONG> (Thumb, 2 bytes, Stack size 0 bytes, uartprotocolprocessor.o(.text._ZNSt3__210__function16__policy_invokerIFvRK11UartMessageEE11__call_implINS0_20__default_alloc_funcIZN21UartProtocolProcessorC1EvE3$_7S5_EEEEvPKNS0_16__policy_storageES4_))
<BR>[Address Reference Count : 1]<UL><LI> uartprotocolprocessor.o(.text._ZN21UartProtocolProcessorC2Ev)
</UL>
<P><STRONG><a name="[c9]"></a>handleUart1Transmit(SystemMessage const&)</STRONG> (Thumb, 16 bytes, Stack size 8 bytes, usarttask.o(.text._ZL19handleUart1TransmitRK13SystemMessage))
<BR><BR>[Stack]<UL><LI>Max Depth = 80 + Unknown Stack Size
<LI>Call Chain = handleUart1Transmit(SystemMessage const&) &rArr; USART1Driver::getInstance() &rArr; __cxa_guard_acquire &rArr; abort_message &rArr; abort &rArr; __rt_SIGABRT &rArr; __rt_SIGABRT_inner &rArr; __default_signal_display &rArr; _ttywrch
</UL>
<BR>[Calls]<UL><LI><a href="#[256]">&gt;&gt;</a>&nbsp;&nbsp;&nbsp;USART1Driver::getInstance()
</UL>
<BR>[Address Reference Count : 1]<UL><LI> usarttask.o(.text.usart1Task)
</UL>
<P><STRONG><a name="[ca]"></a>handleUart1Receive(SystemMessage const&)</STRONG> (Thumb, 62 bytes, Stack size 32 bytes, usarttask.o(.text._ZL18handleUart1ReceiveRK13SystemMessage))
<BR><BR>[Stack]<UL><LI>Max Depth = 128 + Unknown Stack Size
<LI>Call Chain = handleUart1Receive(SystemMessage const&) &rArr; UartProtocolProcessor::parseAndExecute(unsigned char const*, unsigned int) &rArr; operator new(unsigned int) &rArr; malloc &rArr; __Heap_Full &rArr; __Heap_ProvideMemory &rArr; free
</UL>
<BR>[Calls]<UL><LI><a href="#[25d]">&gt;&gt;</a>&nbsp;&nbsp;&nbsp;UartProtocolProcessor::parseAndExecute(unsigned char const*, unsigned int)
<LI><a href="#[25c]">&gt;&gt;</a>&nbsp;&nbsp;&nbsp;UartProtocolProcessor::getInstance()
<LI><a href="#[25e]">&gt;&gt;</a>&nbsp;&nbsp;&nbsp;operator delete(void*, unsigned int)
<LI><a href="#[256]">&gt;&gt;</a>&nbsp;&nbsp;&nbsp;USART1Driver::getInstance()
</UL>
<BR>[Address Reference Count : 1]<UL><LI> usarttask.o(.text.usart1Task)
</UL>
<P><STRONG><a name="[cb]"></a>handleUart1Test(SystemMessage const&)</STRONG> (Thumb, 18 bytes, Stack size 8 bytes, usarttask.o(.text._ZL15handleUart1TestRK13SystemMessage))
<BR><BR>[Stack]<UL><LI>Max Depth = 80 + Unknown Stack Size
<LI>Call Chain = handleUart1Test(SystemMessage const&) &rArr; USART1Driver::getInstance() &rArr; __cxa_guard_acquire &rArr; abort_message &rArr; abort &rArr; __rt_SIGABRT &rArr; __rt_SIGABRT_inner &rArr; __default_signal_display &rArr; _ttywrch
</UL>
<BR>[Calls]<UL><LI><a href="#[258]">&gt;&gt;</a>&nbsp;&nbsp;&nbsp;USART1Driver::saveTestData(unsigned int)
<LI><a href="#[256]">&gt;&gt;</a>&nbsp;&nbsp;&nbsp;USART1Driver::getInstance()
</UL>
<BR>[Address Reference Count : 1]<UL><LI> usarttask.o(.text.usart1Task)
</UL>
<P><STRONG><a name="[2b6]"></a>prvUnlockQueue</STRONG> (Thumb, 136 bytes, Stack size 24 bytes, queue.o(.text.prvUnlockQueue))
<BR><BR>[Stack]<UL><LI>Max Depth = 72<LI>Call Chain = prvUnlockQueue &rArr; prvNotifyQueueSetContainer &rArr; xTaskPriorityDisinherit
</UL>
<BR>[Calls]<UL><LI><a href="#[2b7]">&gt;&gt;</a>&nbsp;&nbsp;&nbsp;vTaskMissedYield
<LI><a href="#[2b2]">&gt;&gt;</a>&nbsp;&nbsp;&nbsp;xTaskRemoveFromEventList
<LI><a href="#[2af]">&gt;&gt;</a>&nbsp;&nbsp;&nbsp;prvNotifyQueueSetContainer
<LI><a href="#[261]">&gt;&gt;</a>&nbsp;&nbsp;&nbsp;vPortExitCritical
<LI><a href="#[25f]">&gt;&gt;</a>&nbsp;&nbsp;&nbsp;vPortEnterCritical
</UL>
<BR>[Called By]<UL><LI><a href="#[2b5]">&gt;&gt;</a>&nbsp;&nbsp;&nbsp;vQueueWaitForMessageRestricted
<LI><a href="#[265]">&gt;&gt;</a>&nbsp;&nbsp;&nbsp;xQueueReceive
<LI><a href="#[267]">&gt;&gt;</a>&nbsp;&nbsp;&nbsp;xQueueGenericSend
<LI><a href="#[271]">&gt;&gt;</a>&nbsp;&nbsp;&nbsp;xQueueSemaphoreTake
</UL>

<P><STRONG><a name="[2af]"></a>prvNotifyQueueSetContainer</STRONG> (Thumb, 226 bytes, Stack size 32 bytes, queue.o(.text.prvNotifyQueueSetContainer))
<BR><BR>[Stack]<UL><LI>Max Depth = 48<LI>Call Chain = prvNotifyQueueSetContainer &rArr; xTaskPriorityDisinherit
</UL>
<BR>[Calls]<UL><LI><a href="#[2b1]">&gt;&gt;</a>&nbsp;&nbsp;&nbsp;uxTaskGetNumberOfTasks
<LI><a href="#[2b0]">&gt;&gt;</a>&nbsp;&nbsp;&nbsp;xTaskPriorityDisinherit
<LI><a href="#[2b2]">&gt;&gt;</a>&nbsp;&nbsp;&nbsp;xTaskRemoveFromEventList
<LI><a href="#[1e9]">&gt;&gt;</a>&nbsp;&nbsp;&nbsp;__aeabi_memcpy
</UL>
<BR>[Called By]<UL><LI><a href="#[2b6]">&gt;&gt;</a>&nbsp;&nbsp;&nbsp;prvUnlockQueue
<LI><a href="#[263]">&gt;&gt;</a>&nbsp;&nbsp;&nbsp;xQueueGenericSendFromISR
<LI><a href="#[267]">&gt;&gt;</a>&nbsp;&nbsp;&nbsp;xQueueGenericSend
<LI><a href="#[247]">&gt;&gt;</a>&nbsp;&nbsp;&nbsp;xQueueGiveFromISR
</UL>

<P><STRONG><a name="[2b8]"></a>prvWriteMessageToBuffer</STRONG> (Thumb, 308 bytes, Stack size 40 bytes, stream_buffer.o(.text.prvWriteMessageToBuffer))
<BR><BR>[Stack]<UL><LI>Max Depth = 40<LI>Call Chain = prvWriteMessageToBuffer
</UL>
<BR>[Calls]<UL><LI><a href="#[1e9]">&gt;&gt;</a>&nbsp;&nbsp;&nbsp;__aeabi_memcpy
</UL>
<BR>[Called By]<UL><LI><a href="#[249]">&gt;&gt;</a>&nbsp;&nbsp;&nbsp;xStreamBufferSendFromISR
<LI><a href="#[26f]">&gt;&gt;</a>&nbsp;&nbsp;&nbsp;xStreamBufferSend
</UL>

<P><STRONG><a name="[2ac]"></a>prvInitialiseNewTask</STRONG> (Thumb, 298 bytes, Stack size 32 bytes, tasks.o(.text.prvInitialiseNewTask))
<BR><BR>[Stack]<UL><LI>Max Depth = 36<LI>Call Chain = prvInitialiseNewTask &rArr; __aeabi_memset4 &rArr; _memset_w
</UL>
<BR>[Calls]<UL><LI><a href="#[2ad]">&gt;&gt;</a>&nbsp;&nbsp;&nbsp;vListInitialiseItem
<LI><a href="#[1df]">&gt;&gt;</a>&nbsp;&nbsp;&nbsp;__aeabi_memset4
<LI><a href="#[2ae]">&gt;&gt;</a>&nbsp;&nbsp;&nbsp;pxPortInitialiseStack
</UL>
<BR>[Called By]<UL><LI><a href="#[2bb]">&gt;&gt;</a>&nbsp;&nbsp;&nbsp;xTaskCreateStatic
<LI><a href="#[2a5]">&gt;&gt;</a>&nbsp;&nbsp;&nbsp;vTaskStartScheduler
<LI><a href="#[2a4]">&gt;&gt;</a>&nbsp;&nbsp;&nbsp;xTaskCreate
</UL>

<P><STRONG><a name="[2a9]"></a>prvAddNewTaskToReadyList</STRONG> (Thumb, 294 bytes, Stack size 32 bytes, tasks.o(.text.prvAddNewTaskToReadyList))
<BR><BR>[Stack]<UL><LI>Max Depth = 32<LI>Call Chain = prvAddNewTaskToReadyList
</UL>
<BR>[Calls]<UL><LI><a href="#[2aa]">&gt;&gt;</a>&nbsp;&nbsp;&nbsp;vListInitialise
<LI><a href="#[261]">&gt;&gt;</a>&nbsp;&nbsp;&nbsp;vPortExitCritical
<LI><a href="#[25f]">&gt;&gt;</a>&nbsp;&nbsp;&nbsp;vPortEnterCritical
</UL>
<BR>[Called By]<UL><LI><a href="#[2bb]">&gt;&gt;</a>&nbsp;&nbsp;&nbsp;xTaskCreateStatic
<LI><a href="#[2a5]">&gt;&gt;</a>&nbsp;&nbsp;&nbsp;vTaskStartScheduler
<LI><a href="#[2a4]">&gt;&gt;</a>&nbsp;&nbsp;&nbsp;xTaskCreate
</UL>

<P><STRONG><a name="[2a6]"></a>prvAddCurrentTaskToDelayedList</STRONG> (Thumb, 162 bytes, Stack size 24 bytes, tasks.o(.text.prvAddCurrentTaskToDelayedList))
<BR><BR>[Stack]<UL><LI>Max Depth = 32<LI>Call Chain = prvAddCurrentTaskToDelayedList &rArr; vListInsert
</UL>
<BR>[Calls]<UL><LI><a href="#[2a7]">&gt;&gt;</a>&nbsp;&nbsp;&nbsp;uxListRemove
<LI><a href="#[2a8]">&gt;&gt;</a>&nbsp;&nbsp;&nbsp;vListInsert
</UL>
<BR>[Called By]<UL><LI><a href="#[2d2]">&gt;&gt;</a>&nbsp;&nbsp;&nbsp;xTaskGenericNotifyWait
<LI><a href="#[2bf]">&gt;&gt;</a>&nbsp;&nbsp;&nbsp;vTaskPlaceOnEventListRestricted
<LI><a href="#[2c1]">&gt;&gt;</a>&nbsp;&nbsp;&nbsp;vTaskPlaceOnEventList
</UL>

<P><STRONG><a name="[cc]"></a>prvIdleTask</STRONG> (Thumb, 134 bytes, Stack size 0 bytes, tasks.o(.text.prvIdleTask))
<BR><BR>[Stack]<UL><LI>Max Depth = 84<LI>Call Chain = prvIdleTask &rArr; vPortFree &rArr; xTaskResumeAll &rArr; xTaskIncrementTick
</UL>
<BR>[Calls]<UL><LI><a href="#[2a7]">&gt;&gt;</a>&nbsp;&nbsp;&nbsp;uxListRemove
<LI><a href="#[2ab]">&gt;&gt;</a>&nbsp;&nbsp;&nbsp;vPortFree
<LI><a href="#[261]">&gt;&gt;</a>&nbsp;&nbsp;&nbsp;vPortExitCritical
<LI><a href="#[25f]">&gt;&gt;</a>&nbsp;&nbsp;&nbsp;vPortEnterCritical
</UL>
<BR>[Address Reference Count : 1]<UL><LI> tasks.o(.text.vTaskStartScheduler)
</UL>
<P><STRONG><a name="[cd]"></a>prvTimerTask</STRONG> (Thumb, 814 bytes, Stack size 16 bytes, timers.o(.text.prvTimerTask))
<BR><BR>[Stack]<UL><LI>Max Depth = 136<LI>Call Chain = prvTimerTask &rArr; xQueueReceive &rArr; prvUnlockQueue &rArr; prvNotifyQueueSetContainer &rArr; xTaskPriorityDisinherit
</UL>
<BR>[Calls]<UL><LI><a href="#[2b5]">&gt;&gt;</a>&nbsp;&nbsp;&nbsp;vQueueWaitForMessageRestricted
<LI><a href="#[2a7]">&gt;&gt;</a>&nbsp;&nbsp;&nbsp;uxListRemove
<LI><a href="#[2a8]">&gt;&gt;</a>&nbsp;&nbsp;&nbsp;vListInsert
<LI><a href="#[2ab]">&gt;&gt;</a>&nbsp;&nbsp;&nbsp;vPortFree
<LI><a href="#[2b4]">&gt;&gt;</a>&nbsp;&nbsp;&nbsp;xTaskResumeAll
<LI><a href="#[2b3]">&gt;&gt;</a>&nbsp;&nbsp;&nbsp;vTaskSuspendAll
<LI><a href="#[289]">&gt;&gt;</a>&nbsp;&nbsp;&nbsp;xTaskGetTickCount
<LI><a href="#[265]">&gt;&gt;</a>&nbsp;&nbsp;&nbsp;xQueueReceive
</UL>
<BR>[Address Reference Count : 1]<UL><LI> timers.o(.text.xTimerCreateTimerTask)
</UL>
<P><STRONG><a name="[c4]"></a>prvTaskExitError</STRONG> (Thumb, 62 bytes, Stack size 4 bytes, port.o(.text.prvTaskExitError))
<BR><BR>[Stack]<UL><LI>Max Depth = 4<LI>Call Chain = prvTaskExitError
</UL>
<BR>[Address Reference Count : 1]<UL><LI> port.o(.text.pxPortInitialiseStack)
</UL>
<P><STRONG><a name="[2c8]"></a>vPortEnableVFP</STRONG> (Thumb, 20 bytes, Stack size 0 bytes, port.o(.text.vPortEnableVFP))
<BR><BR>[Called By]<UL><LI><a href="#[2c6]">&gt;&gt;</a>&nbsp;&nbsp;&nbsp;xPortStartScheduler
</UL>

<P><STRONG><a name="[2c9]"></a>prvPortStartFirstTask</STRONG> (Thumb, 40 bytes, Stack size 0 bytes, port.o(.text.prvPortStartFirstTask))
<BR><BR>[Called By]<UL><LI><a href="#[2c6]">&gt;&gt;</a>&nbsp;&nbsp;&nbsp;xPortStartScheduler
</UL>

<P><STRONG><a name="[c3]"></a>AppTaskCreateProcess()</STRONG> (Thumb, 24 bytes, Stack size 8 bytes, main.o(.text._ZL20AppTaskCreateProcessv))
<BR><BR>[Stack]<UL><LI>Max Depth = 124 + Unknown Stack Size
<LI>Call Chain = AppTaskCreateProcess() &rArr; taskFactoryInitStatic &rArr; xTaskCreateStatic &rArr; prvInitialiseNewTask &rArr; __aeabi_memset4 &rArr; _memset_w
</UL>
<BR>[Calls]<UL><LI><a href="#[260]">&gt;&gt;</a>&nbsp;&nbsp;&nbsp;taskFactoryInitStatic
<LI><a href="#[261]">&gt;&gt;</a>&nbsp;&nbsp;&nbsp;vPortExitCritical
<LI><a href="#[25f]">&gt;&gt;</a>&nbsp;&nbsp;&nbsp;vPortEnterCritical
<LI><a href="#[262]">&gt;&gt;</a>&nbsp;&nbsp;&nbsp;vTaskDelete
</UL>
<BR>[Address Reference Count : 1]<UL><LI> main.o(.text.main)
</UL><P>
<H3>
Undefined Global Symbols
</H3><HR></body></html>
